<html>
<body>
<pre>
<h1>µVision Build Log</h1>
<h2>Tool Versions:</h2>
IDE-Version: ¦ÌVision V5.14.0.0
Copyright (C) 2015 ARM Ltd and ARM Germany GmbH. All rights reserved.
License Information: shen yuxiang, aweaqa, LIC=21E4T-RY6NY-PCLJ8-3L4T5-VJYC4-8Q6S7
 
Tool Versions:
Toolchain:       MDK-ARM Standard  Version: 5.14.0.0
Toolchain Path:  C:\Keil_v5\ARM\ARMCC\Bin
C Compiler:      Armcc.exe V5.05 update 1 (build 106)
Assembler:       Armasm.exe V5.05 update 1 (build 106)
Linker/Locator:  ArmLink.exe V5.05 update 1 (build 106)
Library Manager: ArmAr.exe V5.05 update 1 (build 106)
Hex Converter:   FromElf.exe V5.05 update 1 (build 106)
CPU DLL:         SARMCM3.DLL V5.14.0.0
Dialog DLL:      DCM.DLL V1.13.1.0
Target DLL:      Segger\JL2CM3.dll V2.99.13.0
Dialog DLL:      TCM.DLL V1.14.4.0
 
<h2>Project:</h2>
C:\Users\20809\Desktop\ceshi\MDK-ARM\ceshi.uvprojx
Project File Date:  12/02/2020

<h2>Output:</h2>
Build target 'ceshi'
compiling usart.c...
compiling BSP.c...
..\Src\BSP.c(22): warning:  #223-D: function "CanFilter_Init" declared implicitly
        CanFilter_Init(&hcan1);
..\Src\BSP.c(33): warning:  #223-D: function "Bsp_UART_Receive_IT" declared implicitly
        Bsp_UART_Receive_IT(&huart1,USART1_RX_DATA,SizeofRemote); 
..\Src\BSP.c: 2 warnings, 0 errors
linking...
Program Size: Code=26620 RO-data=1372 RW-data=244 ZI-data=21212  
FromELF: creating hex file...
"ceshi\ceshi.axf" - 0 Error(s), 2 Warning(s).

<h2>Software Packages used:</h2>

Package Vendor: ARM
                http://www.keil.com/pack/ARM.CMSIS.4.2.0.pack
                ARM::CMSIS:CORE:3.40.0
                CMSIS (Cortex Microcontroller Software Interface Standard)
   * Component: CORE Version: 3.40.0

<h2>Collection of Component include folders:</h2>
  C:\Users\20809\Desktop\ceshi\MDK-ARM\RTE
  C:\Keil_v5\ARM\PACK\ARM\CMSIS\4.2.0\CMSIS\Include
  C:\Keil_v5\ARM\PACK\Keil\STM32F4xx_DFP\2.9.0

<h2>Collection of Component Files used:</h2>

   * Component: ARM::CMSIS:CORE:3.40.0
      Source file:   CMSIS\UserCodeTemplates\ARM\ITM_Retarget.c
</pre>
</body>
</html>
