Component: ARM Compiler 5.05 update 1 (build 106) Tool: armlink [4d0efa]

==============================================================================

Section Cross References

    startup_stm32f407xx.o(RESET) refers to startup_stm32f407xx.o(STACK) for __initial_sp
    startup_stm32f407xx.o(RESET) refers to startup_stm32f407xx.o(.text) for Reset_Handler
    startup_stm32f407xx.o(RESET) refers to stm32f4xx_it.o(i.NMI_Handler) for NMI_Handler
    startup_stm32f407xx.o(RESET) refers to stm32f4xx_it.o(i.HardFault_Handler) for HardFault_Handler
    startup_stm32f407xx.o(RESET) refers to stm32f4xx_it.o(i.MemManage_Handler) for MemManage_Handler
    startup_stm32f407xx.o(RESET) refers to stm32f4xx_it.o(i.BusFault_Handler) for BusFault_Handler
    startup_stm32f407xx.o(RESET) refers to stm32f4xx_it.o(i.UsageFault_Handler) for UsageFault_Handler
    startup_stm32f407xx.o(RESET) refers to port.o(.emb_text) for SVC_Handler
    startup_stm32f407xx.o(RESET) refers to stm32f4xx_it.o(i.DebugMon_Handler) for DebugMon_Handler
    startup_stm32f407xx.o(RESET) refers to port.o(i.SysTick_Handler) for SysTick_Handler
    startup_stm32f407xx.o(RESET) refers to stm32f4xx_it.o(i.EXTI0_IRQHandler) for EXTI0_IRQHandler
    startup_stm32f407xx.o(RESET) refers to stm32f4xx_it.o(i.EXTI3_IRQHandler) for EXTI3_IRQHandler
    startup_stm32f407xx.o(RESET) refers to stm32f4xx_it.o(i.EXTI4_IRQHandler) for EXTI4_IRQHandler
    startup_stm32f407xx.o(RESET) refers to stm32f4xx_it.o(i.DMA1_Stream1_IRQHandler) for DMA1_Stream1_IRQHandler
    startup_stm32f407xx.o(RESET) refers to stm32f4xx_it.o(i.CAN1_RX0_IRQHandler) for CAN1_RX0_IRQHandler
    startup_stm32f407xx.o(RESET) refers to stm32f4xx_it.o(i.EXTI9_5_IRQHandler) for EXTI9_5_IRQHandler
    startup_stm32f407xx.o(RESET) refers to stm32f4xx_it.o(i.TIM2_IRQHandler) for TIM2_IRQHandler
    startup_stm32f407xx.o(RESET) refers to stm32f4xx_it.o(i.TIM3_IRQHandler) for TIM3_IRQHandler
    startup_stm32f407xx.o(RESET) refers to stm32f4xx_it.o(i.USART1_IRQHandler) for USART1_IRQHandler
    startup_stm32f407xx.o(RESET) refers to stm32f4xx_it.o(i.USART3_IRQHandler) for USART3_IRQHandler
    startup_stm32f407xx.o(RESET) refers to stm32f4xx_it.o(i.TIM8_BRK_TIM12_IRQHandler) for TIM8_BRK_TIM12_IRQHandler
    startup_stm32f407xx.o(RESET) refers to stm32f4xx_it.o(i.TIM6_DAC_IRQHandler) for TIM6_DAC_IRQHandler
    startup_stm32f407xx.o(RESET) refers to stm32f4xx_it.o(i.DMA2_Stream1_IRQHandler) for DMA2_Stream1_IRQHandler
    startup_stm32f407xx.o(RESET) refers to stm32f4xx_it.o(i.DMA2_Stream2_IRQHandler) for DMA2_Stream2_IRQHandler
    startup_stm32f407xx.o(RESET) refers to stm32f4xx_it.o(i.DMA2_Stream3_IRQHandler) for DMA2_Stream3_IRQHandler
    startup_stm32f407xx.o(RESET) refers to stm32f4xx_it.o(i.CAN2_RX0_IRQHandler) for CAN2_RX0_IRQHandler
    startup_stm32f407xx.o(RESET) refers to stm32f4xx_it.o(i.USART6_IRQHandler) for USART6_IRQHandler
    startup_stm32f407xx.o(.text) refers to system_stm32f4xx.o(i.SystemInit) for SystemInit
    startup_stm32f407xx.o(.text) refers to entry.o(.ARM.Collect$$$$00000000) for __main
    gimbal_control.o(i.Gimbal_Task) refers to gimbal_control.o(i.gimbal_pid_init) for gimbal_pid_init
    gimbal_control.o(i.Gimbal_Task) refers to tasks.o(i.xTaskGetTickCount) for xTaskGetTickCount
    gimbal_control.o(i.Gimbal_Task) refers to systemstate.o(i.RefreshTaskOutLineTime) for RefreshTaskOutLineTime
    gimbal_control.o(i.Gimbal_Task) refers to gimbal_control.o(.data) for .data
    gimbal_control.o(i.Gimbal_Task) refers to motor_use_can.o(.bss) for pit_get
    gimbal_control.o(i.Gimbal_Task) refers to motor_use_can.o(.bss) for yaw_get
    gimbal_control.o(i.gimbal_pid_init) refers to pid.o(i.PID_struct_init) for PID_struct_init
    gimbal_control.o(i.gimbal_pid_init) refers to gimbal_control.o(.bss) for .bss
    pid.o(i.PID_struct_init) refers to pid.o(i.pid_param_init) for pid_param_init
    pid.o(i.PID_struct_init) refers to pid.o(i.pid_reset) for pid_reset
    pid.o(i.pid_calc) refers to power_restriction.o(i.LPF_1st) for LPF_1st
    pid.o(i.pid_calc) refers to pid.o(i.ABS_limit) for ABS_limit
    bmi088driver.o(i.BMI088_accel_read_over) refers to bmi088driver.o(.data) for .data
    bmi088driver.o(i.BMI088_gyro_read_over) refers to bmi088driver.o(.data) for .data
    bmi088driver.o(i.BMI088_init) refers to bmi088middleware..o(i.BMI088_GPIO_init) for BMI088_GPIO_init
    bmi088driver.o(i.BMI088_init) refers to bmi088middleware..o(i.BMI088_com_init) for BMI088_com_init
    bmi088driver.o(i.BMI088_init) refers to bmi088driver.o(i.bmi088_accel_self_test) for bmi088_accel_self_test
    bmi088driver.o(i.BMI088_init) refers to bmi088driver.o(i.bmi088_accel_init) for bmi088_accel_init
    bmi088driver.o(i.BMI088_init) refers to bmi088driver.o(i.bmi088_gyro_self_test) for bmi088_gyro_self_test
    bmi088driver.o(i.BMI088_init) refers to bmi088driver.o(i.bmi088_gyro_init) for bmi088_gyro_init
[...]
    i.__NVIC_SetPriority                     0x0800575e   Section        0  stm32f4xx_hal_cortex.o(i.__NVIC_SetPriority)
    __NVIC_SetPriority                       0x0800575f   Thumb Code    32  stm32f4xx_hal_cortex.o(i.__NVIC_SetPriority)
    i.__scatterload_copy                     0x0800577e   Section       14  handlers.o(i.__scatterload_copy)
    i.__scatterload_null                     0x0800578c   Section        2  handlers.o(i.__scatterload_null)
    i.__scatterload_zeroinit                 0x0800578e   Section       14  handlers.o(i.__scatterload_zeroinit)
    i.delay_init                             0x0800579c   Section        0  bsp_delay.o(i.delay_init)
    i.get_crc16_check_sum                    0x080057c4   Section        0  protocol.o(i.get_crc16_check_sum)
    i.get_crc8_check_sum                     0x080057f0   Section        0  protocol.o(i.get_crc8_check_sum)
    i.get_moto_measure_3508                  0x08005810   Section        0  motor_use_can.o(i.get_moto_measure_3508)
    i.get_moto_measure_6020                  0x08005850   Section        0  motor_use_can.o(i.get_moto_measure_6020)
    i.get_moto_measure_6623                  0x0800588c   Section        0  motor_use_can.o(i.get_moto_measure_6623)
    i.get_moto_offset                        0x080058ca   Section        0  motor_use_can.o(i.get_moto_offset)
    i.gimbal_pid_init                        0x080058d4   Section        0  gimbal_control.o(i.gimbal_pid_init)
    i.imu_cmd_spi_dma                        0x08005acc   Section        0  ins_task.o(i.imu_cmd_spi_dma)
    i.ist8310_IIC_read_muli_reg              0x08005bc4   Section        0  ist8310driver_middleware.o(i.ist8310_IIC_read_muli_reg)
    i.ist8310_read_mag                       0x08005be0   Section        0  ist8310driver.o(i.ist8310_read_mag)
    i.main                                   0x08005c34   Section        0  main.o(i.main)
    i.makeFreeRtosPriority                   0x08005c52   Section        0  cmsis_os.o(i.makeFreeRtosPriority)
    makeFreeRtosPriority                     0x08005c53   Thumb Code    12  cmsis_os.o(i.makeFreeRtosPriority)
    i.osDelay                                0x08005c5e   Section        0  cmsis_os.o(i.osDelay)
    i.osDelayUntil                           0x08005c6c   Section        0  cmsis_os.o(i.osDelayUntil)
    i.osKernelStart                          0x08005c7a   Section        0  cmsis_os.o(i.osKernelStart)
    i.osThreadCreate                         0x08005c84   Section        0  cmsis_os.o(i.osThreadCreate)
    i.pid_param_init                         0x08005cd8   Section        0  pid.o(i.pid_param_init)
    pid_param_init                           0x08005cd9   Thumb Code    14  pid.o(i.pid_param_init)
    i.pid_reset                              0x08005ce6   Section        0  pid.o(i.pid_reset)
    pid_reset                                0x08005ce7   Thumb Code     6  pid.o(i.pid_reset)
    i.prvAddCurrentTaskToDelayedList         0x08005cec   Section        0  tasks.o(i.prvAddCurrentTaskToDelayedList)
    prvAddCurrentTaskToDelayedList           0x08005ced   Thumb Code   102  tasks.o(i.prvAddCurrentTaskToDelayedList)
    i.prvAddNewTaskToReadyList               0x08005d5c   Section        0  tasks.o(i.prvAddNewTaskToReadyList)
    prvAddNewTaskToReadyList                 0x08005d5d   Thumb Code   194  tasks.o(i.prvAddNewTaskToReadyList)
    i.prvDeleteTCB                           0x08005e2c   Section        0  tasks.o(i.prvDeleteTCB)
    prvDeleteTCB                             0x08005e2d   Thumb Code    52  tasks.o(i.prvDeleteTCB)
    i.prvHeapInit                            0x08005e60   Section        0  heap_4.o(i.prvHeapInit)
    prvHeapInit                              0x08005e61   Thumb Code    66  heap_4.o(i.prvHeapInit)
    i.prvIdleTask                            0x08005eac   Section        0  tasks.o(i.prvIdleTask)
    prvIdleTask                              0x08005ead   Thumb Code    82  tasks.o(i.prvIdleTask)
    i.prvInitialiseNewTask                   0x08005f0c   Section        0  tasks.o(i.prvInitialiseNewTask)
    prvInitialiseNewTask                     0x08005f0d   Thumb Code   142  tasks.o(i.prvInitialiseNewTask)
    i.prvInsertBlockIntoFreeList             0x08005f9c   Section        0  heap_4.o(i.prvInsertBlockIntoFreeList)
    prvInsertBlockIntoFreeList               0x08005f9d   Thumb Code    72  heap_4.o(i.prvInsertBlockIntoFreeList)
    i.prvResetNextTaskUnblockTime            0x08005fe8   Section        0  tasks.o(i.prvResetNextTaskUnblockTime)
    prvResetNextTaskUnblockTime              0x08005fe9   Thumb Code    26  tasks.o(i.prvResetNextTaskUnblockTime)
    i.prvTaskExitError                       0x08006008   Section        0  port.o(i.prvTaskExitError)
    prvTaskExitError                         0x08006009   Thumb Code    36  port.o(i.prvTaskExitError)
    i.pvPortMalloc                           0x08006030   Section        0  heap_4.o(i.pvPortMalloc)
    i.pxPortInitialiseStack                  0x08006108   Section        0  port.o(i.pxPortInitialiseStack)
    i.ulTaskNotifyTake                       0x08006134   Section        0  tasks.o(i.ulTaskNotifyTake)
    i.uxListRemove                           0x0800619c   Section        0  list.o(i.uxListRemove)
    i.vApplicationGetIdleTaskMemory          0x080061c4   Section        0  freertos.o(i.vApplicationGetIdleTaskMemory)
    i.vListInitialise                        0x080061d8   Section        0  list.o(i.vListInitialise)
    i.vListInitialiseItem                    0x080061ee   Section        0  list.o(i.vListInitialiseItem)
    i.vListInsert                            0x080061f4   Section        0  list.o(i.vListInsert)
    i.vListInsertEnd                         0x08006224   Section        0  list.o(i.vListInsertEnd)
    i.vPortEnterCritical                     0x0800623c   Section        0  port.o(i.vPortEnterCritical)
    i.vPortExitCritical                      0x0800627c   Section        0  port.o(i.vPortExitCritical)
    i.vPortFree                              0x080062a4   Section        0  heap_4.o(i.vPortFree)
    i.vPortSetupTimerInterrupt               0x08006300   Section        0  port.o(i.vPortSetupTimerInterrupt)
    i.vPortValidateInterruptPriority         0x08006324   Section        0  port.o(i.vPortValidateInterruptPriority)
    i.vTaskDelay                             0x08006378   Section        0  tasks.o(i.vTaskDelay)
    i.vTaskDelayUntil                        0x080063c4   Section        0  tasks.o(i.vTaskDelayUntil)
    i.vTaskNotifyGiveFromISR                 0x08006450   Section        0  tasks.o(i.vTaskNotifyGiveFromISR)
    i.vTaskStartScheduler                    0x08006508   Section        0  tasks.o(i.vTaskStartScheduler)
    i.vTaskSuspendAll                        0x08006574   Section        0  tasks.o(i.vTaskSuspendAll)
    i.vTaskSwitchContext                     0x08006584   Section        0  tasks.o(i.vTaskSwitchContext)
    i.verify_crc16_check_sum                 0x080065e0   Section        0  protocol.o(i.verify_crc16_check_sum)
    i.verify_crc8_check_sum                  0x0800661c   Section        0  protocol.o(i.verify_crc8_check_sum)
    i.xPortStartScheduler                    0x08006648   Section        0  port.o(i.xPortStartScheduler)
    i.xTaskCreate                            0x0800673c   Section        0  tasks.o(i.xTaskCreate)
    i.xTaskCreateStatic                      0x08006796   Section        0  tasks.o(i.xTaskCreateStatic)
    i.xTaskGetTickCount                      0x080067ec   Section        0  tasks.o(i.xTaskGetTickCount)
    i.xTaskIncrementTick                     0x080067f8   Section        0  tasks.o(i.xTaskIncrementTick)
    i.xTaskResumeAll                         0x080068c0   Section        0  tasks.o(i.xTaskResumeAll)
    .constdata                               0x08006984   Section      790  protocol.o(.constdata)
    .constdata                               0x08006c9c   Section       84  freertos.o(.constdata)
    .constdata                               0x08006cf0   Section        8  stm32f4xx_hal_dma.o(.constdata)
    flagBitshiftOffset                       0x08006cf0   Data           8  stm32f4xx_hal_dma.o(.constdata)
    .constdata                               0x08006cf8   Section       16  system_stm32f4xx.o(.constdata)
    .constdata                               0x08006d08   Section        8  system_stm32f4xx.o(.constdata)
    .conststring                             0x08006d10   Section       40  freertos.o(.conststring)
    .data                                    0x20000000   Section       16  gimbal_control.o(.data)
    gimbal_start_mode                        0x20000000   Data           1  gimbal_control.o(.data)
    Yaw_Current_Value                        0x20000002   Data           2  gimbal_control.o(.data)
    Pitch_Current_Value                      0x20000004   Data           2  gimbal_control.o(.data)
    gimbal_start_count                       0x20000006   Data           2  gimbal_control.o(.data)
    .data                                    0x20000010   Section        8  bsp_delay.o(.data)
    fac_us                                   0x20000010   Data           1  bsp_delay.o(.data)
    fac_ms                                   0x20000014   Data           4  bsp_delay.o(.data)
    .data                                    0x20000018   Section        2  communication.o(.data)
    .data                                    0x2000001a   Section       37  ins_task.o(.data)
    .data                                    0x2000003f   Section        1  ins_task.o(.data)
    .data                                    0x20000040   Section       20  protocol.o(.data)
    lengque_flag                             0x20000042   Data           2  protocol.o(.data)
    Frame                                    0x20000044   Data           4  protocol.o(.data)
    .data                                    0x20000054   Section        4  can.o(.data)
    HAL_RCC_CAN1_CLK_ENABLED                 0x20000054   Data           4  can.o(.data)
    .data                                    0x20000058   Section       12  freertos.o(.data)
    .data                                    0x20000064   Section       32  stm32f4xx_it.o(.data)
    pxHigherPriorityTaskWoken                0x20000068   Data           4  stm32f4xx_it.o(.data)
    pxHigherPriorityTaskWoken                0x2000006c   Data           4  stm32f4xx_it.o(.data)
    .data                                    0x20000084   Section       12  stm32f4xx_hal.o(.data)
    .data                                    0x20000090   Section        4  system_stm32f4xx.o(.data)
    .data                                    0x20000094   Section       60  tasks.o(.data)
    pxDelayedTaskList                        0x20000098   Data           4  tasks.o(.data)
    pxOverflowDelayedTaskList                0x2000009c   Data           4  tasks.o(.data)
    uxDeletedTasksWaitingCleanUp             0x200000a0   Data           4  tasks.o(.data)
    uxCurrentNumberOfTasks                   0x200000a4   Data           4  tasks.o(.data)
    xTickCount                               0x200000a8   Data           4  tasks.o(.data)
    uxTopReadyPriority                       0x200000ac   Data           4  tasks.o(.data)
    xSchedulerRunning                        0x200000b0   Data           4  tasks.o(.data)
    uxPendedTicks                            0x200000b4   Data           4  tasks.o(.data)
    xYieldPending                            0x200000b8   Data           4  tasks.o(.data)
    xNumOfOverflows                          0x200000bc   Data           4  tasks.o(.data)
    uxTaskNumber                             0x200000c0   Data           4  tasks.o(.data)
    xNextTaskUnblockTime                     0x200000c4   Data           4  tasks.o(.data)
    xIdleTaskHandle                          0x200000c8   Data           4  tasks.o(.data)
    uxSchedulerSuspended                     0x200000cc   Data           4  tasks.o(.data)
    .data                                    0x200000d0   Section       24  heap_4.o(.data)
    pxEnd                                    0x200000d0   Data           4  heap_4.o(.data)
    xFreeBytesRemaining                      0x200000d4   Data           4  heap_4.o(.data)
    xMinimumEverFreeBytesRemaining           0x200000d8   Data           4  heap_4.o(.data)
    xBlockAllocatedBit                       0x200000dc   Data           4  heap_4.o(.data)
    xStart                                   0x200000e0   Data           8  heap_4.o(.data)
    .data                                    0x200000e8   Section       12  port.o(.data)
    ucMaxSysCallPriority                     0x200000e8   Data           1  port.o(.data)
    uxCriticalNesting                        0x200000ec   Data           4  port.o(.data)
    ulMaxPRIGROUPValue                       0x200000f0   Data           4  port.o(.data)
    .bss                                     0x200000f4   Section     1840  gimbal_control.o(.bss)
    .bss                                     0x20000824   Section       38  communication.o(.bss)
    .bss                                     0x2000084a   Section       18  communication.o(.bss)
    .bss                                     0x2000085c   Section       18  communication.o(.bss)
    .bss                                     0x20000870   Section      280  ins_task.o(.bss)
    .bss                                     0x20000988   Section       60  motor_use_can.o(.bss)
    .bss                                     0x200009c4   Section      120  motor_use_can.o(.bss)
    .bss                                     0x20000a3c   Section       60  motor_use_can.o(.bss)
    .bss                                     0x20000a78   Section       60  motor_use_can.o(.bss)
    .bss                                     0x20000ab4   Section       64  protocol.o(.bss)
    .bss                                     0x20000af4   Section       68  systemstate.o(.bss)
    .bss                                     0x20000b38   Section       80  can.o(.bss)
    .bss                                     0x20000b88   Section      596  freertos.o(.bss)
    xIdleTaskTCBBuffer                       0x20000b88   Data          84  freertos.o(.bss)
    xIdleStack                               0x20000bdc   Data         512  freertos.o(.bss)
    .bss                                     0x20000ddc   Section       84  i2c.o(.bss)
    .bss                                     0x20000e30   Section      280  spi.o(.bss)
    .bss                                     0x20000f48   Section      320  tim.o(.bss)
    .bss                                     0x20001088   Section      480  usart.o(.bss)
    .bss                                     0x20001268   Section       56  stm32f4xx_it.o(.bss)
    .bss                                     0x200012a0   Section       64  stm32f4xx_hal_timebase_tim.o(.bss)
    .bss                                     0x200012e0   Section      240  tasks.o(.bss)
    pxReadyTasksLists                        0x200012e0   Data         140  tasks.o(.bss)
    xDelayedTaskList1                        0x2000136c   Data          20  tasks.o(.bss)
    xDelayedTaskList2                        0x20001380   Data          20  tasks.o(.bss)
    xPendingReadyList                        0x20001394   Data          20  tasks.o(.bss)
    xTasksWaitingTermination                 0x200013a8   Data          20  tasks.o(.bss)
    xSuspendedTaskList                       0x200013bc   Data          20  tasks.o(.bss)
    .bss                                     0x200013d0   Section    15360  heap_4.o(.bss)
    ucHeap                                   0x200013d0   Data       15360  heap_4.o(.bss)
    STACK                                    0x20004fd0   Section     1024  startup_stm32f407xx.o(STACK)

    Global Symbols

    Symbol Name                              Value     Ov Type        Size  Object(Section)

    BuildAttributes$$THM_ISAv4$E$P$D$K$B$S$7EM$VFPi3$EXTD16$VFPS$VFMA$PE$A:L22UL41UL21$X:L11$S22US41US21$IEEE1$IW$USESV6$~STKCKD$USESV7$~SHL$OTIME$ROPI$IEEEX$EBA8$MICROLIB$REQ8$PRES8$EABIv2 0x00000000   Number         0  anon$$obj.o ABSOLUTE
    __ARM_use_no_argv                        0x00000000   Number         0  main.o ABSOLUTE
    _printf_a                                0x00000000   Number         0  stubs.o ABSOLUTE
    _printf_c                                0x00000000   Number         0  stubs.o ABSOLUTE
    _printf_charcount                        0x00000000   Number         0  stubs.o ABSOLUTE
    _printf_d                                0x00000000   Number         0  stubs.o ABSOLUTE
    _printf_e                                0x00000000   Number         0  stubs.o ABSOLUTE
    _printf_f                                0x00000000   Number         0  stubs.o ABSOLUTE
    _printf_flags                            0x00000000   Number         0  stubs.o ABSOLUTE
    _printf_fp_dec                           0x00000000   Number         0  stubs.o ABSOLUTE
    _printf_fp_hex                           0x00000000   Number         0  stubs.o ABSOLUTE
    _printf_g                                0x00000000   Number         0  stubs.o ABSOLUTE
    _printf_i                                0x00000000   Number         0  stubs.o ABSOLUTE
    _printf_int_dec                          0x00000000   Number         0  stubs.o ABSOLUTE
    _printf_l                                0x00000000   Number         0  stubs.o ABSOLUTE
    _printf_lc                               0x00000000   Number         0  stubs.o ABSOLUTE
    _printf_ll                               0x00000000   Number         0  stubs.o ABSOLUTE
    _printf_lld                              0x00000000   Number         0  stubs.o ABSOLUTE
    _printf_lli                              0x00000000   Number         0  stubs.o ABSOLUTE
    _printf_llo                              0x00000000   Number         0  stubs.o ABSOLUTE
    _printf_llu                              0x00000000   Number         0  stubs.o ABSOLUTE
    _printf_llx                              0x00000000   Number         0  stubs.o ABSOLUTE
    _printf_longlong_dec                     0x00000000   Number         0  stubs.o ABSOLUTE
    _printf_longlong_hex                     0x00000000   Number         0  stubs.o ABSOLUTE
    _printf_longlong_oct                     0x00000000   Number         0  stubs.o ABSOLUTE
    _printf_ls                               0x00000000   Number         0  stubs.o ABSOLUTE
    _printf_mbtowc                           0x00000000   Number         0  stubs.o ABSOLUTE
    _printf_n                                0x00000000   Number         0  stubs.o ABSOLUTE
    _printf_o                                0x00000000   Number         0  stubs.o ABSOLUTE
    _printf_p                                0x00000000   Number         0  stubs.o ABSOLUTE
    _printf_percent                          0x00000000   Number         0  stubs.o ABSOLUTE
    _printf_pre_padding                      0x00000000   Number         0  stubs.o ABSOLUTE
    _printf_return_value                     0x00000000   Number         0  stubs.o ABSOLUTE
    _printf_s                                0x00000000   Number         0  stubs.o ABSOLUTE
    _printf_sizespec                         0x00000000   Number         0  stubs.o ABSOLUTE
    _printf_str                              0x00000000   Number         0  stubs.o ABSOLUTE
    _printf_truncate_signed                  0x00000000   Number         0  stubs.o ABSOLUTE
    _printf_truncate_unsigned                0x00000000   Number         0  stubs.o ABSOLUTE
    _printf_u                                0x00000000   Number         0  stubs.o ABSOLUTE
    _printf_wc                               0x00000000   Number         0  stubs.o ABSOLUTE
    _printf_wctomb                           0x00000000   Number         0  stubs.o ABSOLUTE
    _printf_widthprec                        0x00000000   Number         0  stubs.o ABSOLUTE
    _printf_x                                0x00000000   Number         0  stubs.o ABSOLUTE
    __cpp_initialize__aeabi_                  - Undefined Weak Reference
    __cxa_finalize                            - Undefined Weak Reference
    __decompress                              - Undefined Weak Reference
    _clock_init                               - Undefined Weak Reference
    _microlib_exit                            - Undefined Weak Reference
    __Vectors_Size                           0x00000188   Number         0  startup_stm32f407xx.o ABSOLUTE
    __Vectors                                0x08000000   Data           4  startup_stm32f407xx.o(RESET)
    __Vectors_End                            0x08000188   Data           0  startup_stm32f407xx.o(RESET)
    __main                                   0x08000189   Thumb Code     0  entry.o(.ARM.Collect$$$$00000000)
    _main_stk                                0x08000189   Thumb Code     0  entry2.o(.ARM.Collect$$$$00000001)
    _main_scatterload                        0x0800018d   Thumb Code     0  entry5.o(.ARM.Collect$$$$00000004)
    __main_after_scatterload                 0x08000191   Thumb Code     0  entry5.o(.ARM.Collect$$$$00000004)
    _main_clock                              0x08000191   Thumb Code     0  entry7b.o(.ARM.Collect$$$$00000008)
    _main_cpp_init                           0x08000191   Thumb Code     0  entry8b.o(.ARM.Collect$$$$0000000A)
    _main_init                               0x08000191   Thumb Code     0  entry9a.o(.ARM.Collect$$$$0000000B)
    __rt_final_cpp                           0x08000199   Thumb Code     0  entry10a.o(.ARM.Collect$$$$0000000D)
    __rt_final_exit                          0x08000199   Thumb Code     0  entry11a.o(.ARM.Collect$$$$0000000F)
    SVC_Handler                              0x0800019d   Thumb Code    28  port.o(.emb_text)
    __asm___6_port_c_39a90d8d__prvStartFirstTask 0x080001bd   Thumb Code    36  port.o(.emb_text)
    __asm___6_port_c_39a90d8d__prvEnableVFP  0x080001e5   Thumb Code    16  port.o(.emb_text)
    PendSV_Handler                           0x080001f9   Thumb Code    88  port.o(.emb_text)
    vPortGetIPSR                             0x08000255   Thumb Code     6  port.o(.emb_text)
    Reset_Handler                            0x0800025d   Thumb Code     8  startup_stm32f407xx.o(.text)
    ADC_IRQHandler                           0x08000277   Thumb Code     0  startup_stm32f407xx.o(.text)
    CAN1_RX1_IRQHandler                      0x08000277   Thumb Code     0  startup_stm32f407xx.o(.text)
    CAN1_SCE_IRQHandler                      0x08000277   Thumb Code     0  startup_stm32f407xx.o(.text)
    CAN1_TX_IRQHandler                       0x08000277   Thumb Code     0  startup_stm32f407xx.o(.text)
    CAN2_RX1_IRQHandler                      0x08000277   Thumb Code     0  startup_stm32f407xx.o(.text)
    CAN2_SCE_IRQHandler                      0x08000277   Thumb Code     0  startup_stm32f407xx.o(.text)
    CAN2_TX_IRQHandler                       0x08000277   Thumb Code     0  startup_stm32f407xx.o(.text)
    DCMI_IRQHandler                          0x08000277   Thumb Code     0  startup_stm32f407xx.o(.text)
    DMA1_Stream0_IRQHandler                  0x08000277   Thumb Code     0  startup_stm32f407xx.o(.text)
    DMA1_Stream2_IRQHandler                  0x08000277   Thumb Code     0  startup_stm32f407xx.o(.text)
    DMA1_Stream3_IRQHandler                  0x08000277   Thumb Code     0  startup_stm32f407xx.o(.text)
    DMA1_Stream4_IRQHandler                  0x08000277   Thumb Code     0  startup_stm32f407xx.o(.text)
    DMA1_Stream5_IRQHandler                  0x08000277   Thumb Code     0  startup_stm32f407xx.o(.text)
    DMA1_Stream6_IRQHandler                  0x08000277   Thumb Code     0  startup_stm32f407xx.o(.text)
    DMA1_Stream7_IRQHandler                  0x08000277   Thumb Code     0  startup_stm32f407xx.o(.text)
    DMA2_Stream0_IRQHandler                  0x08000277   Thumb Code     0  startup_stm32f407xx.o(.text)
    DMA2_Stream4_IRQHandler                  0x08000277   Thumb Code     0  startup_stm32f407xx.o(.text)
    DMA2_Stream5_IRQHandler                  0x08000277   Thumb Code     0  startup_stm32f407xx.o(.text)
    DMA2_Stream6_IRQHandler                  0x08000277   Thumb Code     0  startup_stm32f407xx.o(.text)
    DMA2_Stream7_IRQHandler                  0x08000277   Thumb Code     0  startup_stm32f407xx.o(.text)
    ETH_IRQHandler                           0x08000277   Thumb Code     0  startup_stm32f407xx.o(.text)
    ETH_WKUP_IRQHandler                      0x08000277   Thumb Code     0  startup_stm32f407xx.o(.text)
    EXTI15_10_IRQHandler                     0x08000277   Thumb Code     0  startup_stm32f407xx.o(.text)
    EXTI1_IRQHandler                         0x08000277   Thumb Code     0  startup_stm32f407xx.o(.text)
    EXTI2_IRQHandler                         0x08000277   Thumb Code     0  startup_stm32f407xx.o(.text)
    FLASH_IRQHandler                         0x08000277   Thumb Code     0  startup_stm32f407xx.o(.text)
    FMC_IRQHandler                           0x08000277   Thumb Code     0  startup_stm32f407xx.o(.text)
    FPU_IRQHandler                           0x08000277   Thumb Code     0  startup_stm32f407xx.o(.text)
    HASH_RNG_IRQHandler                      0x08000277   Thumb Code     0  startup_stm32f407xx.o(.text)
    I2C1_ER_IRQHandler                       0x08000277   Thumb Code     0  startup_stm32f407xx.o(.text)
    I2C1_EV_IRQHandler                       0x08000277   Thumb Code     0  startup_stm32f407xx.o(.text)
    I2C2_ER_IRQHandler                       0x08000277   Thumb Code     0  startup_stm32f407xx.o(.text)
    I2C2_EV_IRQHandler                       0x08000277   Thumb Code     0  startup_stm32f407xx.o(.text)
    I2C3_ER_IRQHandler                       0x08000277   Thumb Code     0  startup_stm32f407xx.o(.text)
    I2C3_EV_IRQHandler                       0x08000277   Thumb Code     0  startup_stm32f407xx.o(.text)
    OTG_FS_IRQHandler                        0x08000277   Thumb Code     0  startup_stm32f407xx.o(.text)
    OTG_FS_WKUP_IRQHandler                   0x08000277   Thumb Code     0  startup_stm32f407xx.o(.text)
    OTG_HS_EP1_IN_IRQHandler                 0x08000277   Thumb Code     0  startup_stm32f407xx.o(.text)
    OTG_HS_EP1_OUT_IRQHandler                0x08000277   Thumb Code     0  startup_stm32f407xx.o(.text)
    OTG_HS_IRQHandler                        0x08000277   Thumb Code     0  startup_stm32f407xx.o(.text)
    OTG_HS_WKUP_IRQHandler                   0x08000277   Thumb Code     0  startup_stm32f407xx.o(.text)
    PVD_IRQHandler                           0x08000277   Thumb Code     0  startup_stm32f407xx.o(.text)
    RCC_IRQHandler                           0x08000277   Thumb Code     0  startup_stm32f407xx.o(.text)
    RTC_Alarm_IRQHandler                     0x08000277   Thumb Code     0  startup_stm32f407xx.o(.text)
    RTC_WKUP_IRQHandler                      0x08000277   Thumb Code     0  startup_stm32f407xx.o(.text)
    SDIO_IRQHandler                          0x08000277   Thumb Code     0  startup_stm32f407xx.o(.text)
    SPI1_IRQHandler                          0x08000277   Thumb Code     0  startup_stm32f407xx.o(.text)
    SPI2_IRQHandler                          0x08000277   Thumb Code     0  startup_stm32f407xx.o(.text)
    SPI3_IRQHandler                          0x08000277   Thumb Code     0  startup_stm32f407xx.o(.text)
    TAMP_STAMP_IRQHandler                    0x08000277   Thumb Code     0  startup_stm32f407xx.o(.text)
    TIM1_BRK_TIM9_IRQHandler                 0x08000277   Thumb Code     0  startup_stm32f407xx.o(.text)
    TIM1_CC_IRQHandler                       0x08000277   Thumb Code     0  startup_stm32f407xx.o(.text)
    TIM1_TRG_COM_TIM11_IRQHandler            0x08000277   Thumb Code     0  startup_stm32f407xx.o(.text)
    TIM1_UP_TIM10_IRQHandler                 0x08000277   Thumb Code     0  startup_stm32f407xx.o(.text)
    TIM4_IRQHandler                          0x08000277   Thumb Code     0  startup_stm32f407xx.o(.text)
    TIM5_IRQHandler                          0x08000277   Thumb Code     0  startup_stm32f407xx.o(.text)
    TIM7_IRQHandler                          0x08000277   Thumb Code     0  startup_stm32f407xx.o(.text)
    TIM8_CC_IRQHandler                       0x08000277   Thumb Code     0  startup_stm32f407xx.o(.text)
    TIM8_TRG_COM_TIM14_IRQHandler            0x08000277   Thumb Code     0  startup_stm32f407xx.o(.text)
    TIM8_UP_TIM13_IRQHandler                 0x08000277   Thumb Code     0  startup_stm32f407xx.o(.text)
    UART4_IRQHandler                         0x08000277   Thumb Code     0  startup_stm32f407xx.o(.text)
    UART5_IRQHandler                         0x08000277   Thumb Code     0  startup_stm32f407xx.o(.text)
    USART2_IRQHandler                        0x08000277   Thumb Code     0  startup_stm32f407xx.o(.text)
    WWDG_IRQHandler                          0x08000277   Thumb Code     0  startup_stm32f407xx.o(.text)
    __aeabi_uldivmod                         0x08000281   Thumb Code    98  uldiv.o(.text)
    __aeabi_memcpy                           0x080002e3   Thumb Code    36  memcpya.o(.text)
    __aeabi_memcpy4                          0x080002e3   Thumb Code     0  memcpya.o(.text)
    __aeabi_memcpy8                          0x080002e3   Thumb Code     0  memcpya.o(.text)
    __aeabi_memset                           0x08000307   Thumb Code    14  memseta.o(.text)
    __aeabi_memset4                          0x08000307   Thumb Code     0  memseta.o(.text)
    __aeabi_memset8                          0x08000307   Thumb Code     0  memseta.o(.text)
    __aeabi_memclr                           0x08000315   Thumb Code     4  memseta.o(.text)
    __aeabi_memclr4                          0x08000315   Thumb Code     0  memseta.o(.text)
    __aeabi_memclr8                          0x08000315   Thumb Code     0  memseta.o(.text)
    memset                                   0x08000319   Thumb Code    18  memseta.o(.text)
    __aeabi_dadd                             0x0800032b   Thumb Code   322  dadd.o(.text)
    __aeabi_dsub                             0x0800046d   Thumb Code     6  dadd.o(.text)
    __aeabi_drsub                            0x08000473   Thumb Code     6  dadd.o(.text)
    __aeabi_ddiv                             0x08000479   Thumb Code   222  ddiv.o(.text)
    __aeabi_i2d                              0x08000557   Thumb Code    34  dflti.o(.text)
    __aeabi_ui2d                             0x08000579   Thumb Code    26  dfltui.o(.text)
    __aeabi_d2f                              0x08000593   Thumb Code    56  d2f.o(.text)
    __aeabi_llsl                             0x080005cb   Thumb Code    30  llshl.o(.text)
    _ll_shift_l                              0x080005cb   Thumb Code     0  llshl.o(.text)
    __aeabi_llsr                             0x080005e9   Thumb Code    32  llushr.o(.text)
    _ll_ushift_r                             0x080005e9   Thumb Code     0  llushr.o(.text)
    __aeabi_lasr                             0x08000609   Thumb Code    36  llsshr.o(.text)
    _ll_sshift_r                             0x08000609   Thumb Code     0  llsshr.o(.text)
    __I$use$fp                               0x0800062d   Thumb Code     0  iusefp.o(.text)
    _float_round                             0x0800062d   Thumb Code    18  fepilogue.o(.text)
    _float_epilogue                          0x0800063f   Thumb Code    92  fepilogue.o(.text)
    _double_round                            0x0800069b   Thumb Code    30  depilogue.o(.text)
    _double_epilogue                         0x080006b9   Thumb Code   156  depilogue.o(.text)
    __scatterload                            0x08000755   Thumb Code    28  init.o(.text)
    __scatterload_rt2                        0x08000755   Thumb Code     0  init.o(.text)
    BSP_Init                                 0x08000779   Thumb Code   150  bsp.o(i.BSP_Init)
    Bsp_UART_Receive_DMA                     0x08000829   Thumb Code   104  usart.o(i.Bsp_UART_Receive_DMA)
    Bsp_UART_Receive_IT                      0x08000891   Thumb Code    22  usart.o(i.Bsp_UART_Receive_IT)
    BusFault_Handler                         0x080008a7   Thumb Code     2  stm32f4xx_it.o(i.BusFault_Handler)
    CAN1_RX0_IRQHandler                      0x080008a9   Thumb Code     6  stm32f4xx_it.o(i.CAN1_RX0_IRQHandler)
    CAN2_RX0_IRQHandler                      0x080008b5   Thumb Code     6  stm32f4xx_it.o(i.CAN2_RX0_IRQHandler)
    CAN_GET_CP                               0x080008c1   Thumb Code     2  motor_use_can.o(i.CAN_GET_CP)
    CAN_GET_ERROR                            0x080008c3   Thumb Code     2  motor_use_can.o(i.CAN_GET_ERROR)
    CanFilter_Init                           0x080008c5   Thumb Code    56  can.o(i.CanFilter_Init)
    DMA1_Stream1_IRQHandler                  0x08000901   Thumb Code     6  stm32f4xx_it.o(i.DMA1_Stream1_IRQHandler)
    DMA2_Stream1_IRQHandler                  0x0800090d   Thumb Code     6  stm32f4xx_it.o(i.DMA2_Stream1_IRQHandler)
    DMA2_Stream2_IRQHandler                  0x08000919   Thumb Code   678  stm32f4xx_it.o(i.DMA2_Stream2_IRQHandler)
    DMA2_Stream3_IRQHandler                  0x08000be9   Thumb Code     6  stm32f4xx_it.o(i.DMA2_Stream3_IRQHandler)
    DebugMon_Handler                         0x08000c99   Thumb Code     2  stm32f4xx_it.o(i.DebugMon_Handler)
    EXTI0_IRQHandler                         0x08000c9b   Thumb Code     6  stm32f4xx_it.o(i.EXTI0_IRQHandler)
    EXTI3_IRQHandler                         0x08000ca1   Thumb Code     6  stm32f4xx_it.o(i.EXTI3_IRQHandler)
    EXTI4_IRQHandler                         0x08000ca7   Thumb Code     6  stm32f4xx_it.o(i.EXTI4_IRQHandler)
    EXTI9_5_IRQHandler                       0x08000cad   Thumb Code     6  stm32f4xx_it.o(i.EXTI9_5_IRQHandler)
    Error_Handler                            0x08000cb3   Thumb Code     2  main.o(i.Error_Handler)
    GetSystemTimer                           0x08000cb5   Thumb Code    62  systemstate.o(i.GetSystemTimer)
    Gimbal_Task                              0x08000d01   Thumb Code   122  gimbal_control.o(i.Gimbal_Task)
    HAL_CAN_ActivateNotification             0x08000d89   Thumb Code    36  stm32f4xx_hal_can.o(i.HAL_CAN_ActivateNotification)
    HAL_CAN_ConfigFilter                     0x08000dad   Thumb Code   262  stm32f4xx_hal_can.o(i.HAL_CAN_ConfigFilter)
    HAL_CAN_ErrorCallback                    0x08000eb9   Thumb Code     2  stm32f4xx_hal_can.o(i.HAL_CAN_ErrorCallback)
    HAL_CAN_GetRxMessage                     0x08000ebb   Thumb Code   232  stm32f4xx_hal_can.o(i.HAL_CAN_GetRxMessage)
    HAL_CAN_IRQHandler                       0x08000fa3   Thumb Code   508  stm32f4xx_hal_can.o(i.HAL_CAN_IRQHandler)
    HAL_CAN_Init                             0x0800119f   Thumb Code   282  stm32f4xx_hal_can.o(i.HAL_CAN_Init)
    HAL_CAN_MspInit                          0x080012b9   Thumb Code   226  can.o(i.HAL_CAN_MspInit)
    HAL_CAN_RxFifo0FullCallback              0x080013b5   Thumb Code     2  stm32f4xx_hal_can.o(i.HAL_CAN_RxFifo0FullCallback)
    HAL_CAN_RxFifo0MsgPendingCallback        0x080013b9   Thumb Code   330  stm32f4xx_it.o(i.HAL_CAN_RxFifo0MsgPendingCallback)
    HAL_CAN_RxFifo1FullCallback              0x08001525   Thumb Code     2  stm32f4xx_hal_can.o(i.HAL_CAN_RxFifo1FullCallback)
    HAL_CAN_RxFifo1MsgPendingCallback        0x08001527   Thumb Code     2  stm32f4xx_hal_can.o(i.HAL_CAN_RxFifo1MsgPendingCallback)
    HAL_CAN_SleepCallback                    0x08001529   Thumb Code     2  stm32f4xx_hal_can.o(i.HAL_CAN_SleepCallback)
    HAL_CAN_Start                            0x0800152d   Thumb Code    88  stm32f4xx_hal_can.o(i.HAL_CAN_Start)
    HAL_CAN_TxMailbox0AbortCallback          0x08001585   Thumb Code     2  stm32f4xx_hal_can.o(i.HAL_CAN_TxMailbox0AbortCallback)
    HAL_CAN_TxMailbox0CompleteCallback       0x08001587   Thumb Code     2  stm32f4xx_hal_can.o(i.HAL_CAN_TxMailbox0CompleteCallback)
    HAL_CAN_TxMailbox1AbortCallback          0x08001589   Thumb Code     2  stm32f4xx_hal_can.o(i.HAL_CAN_TxMailbox1AbortCallback)
    HAL_CAN_TxMailbox1CompleteCallback       0x0800158b   Thumb Code     2  stm32f4xx_hal_can.o(i.HAL_CAN_TxMailbox1CompleteCallback)
    HAL_CAN_TxMailbox2AbortCallback          0x0800158d   Thumb Code     2  stm32f4xx_hal_can.o(i.HAL_CAN_TxMailbox2AbortCallback)
    HAL_CAN_TxMailbox2CompleteCallback       0x0800158f   Thumb Code     2  stm32f4xx_hal_can.o(i.HAL_CAN_TxMailbox2CompleteCallback)
    HAL_CAN_WakeUpFromRxMsgCallback          0x08001591   Thumb Code     2  stm32f4xx_hal_can.o(i.HAL_CAN_WakeUpFromRxMsgCallback)
    HAL_DMA_IRQHandler                       0x08001595   Thumb Code   412  stm32f4xx_hal_dma.o(i.HAL_DMA_IRQHandler)
    HAL_DMA_Init                             0x08001735   Thumb Code   206  stm32f4xx_hal_dma.o(i.HAL_DMA_Init)
    HAL_DMA_Start                            0x08001809   Thumb Code    70  stm32f4xx_hal_dma.o(i.HAL_DMA_Start)
    HAL_GPIO_EXTI_Callback                   0x08001851   Thumb Code    92  stm32f4xx_it.o(i.HAL_GPIO_EXTI_Callback)
    HAL_GPIO_EXTI_IRQHandler                 0x080018c5   Thumb Code    18  stm32f4xx_hal_gpio.o(i.HAL_GPIO_EXTI_IRQHandler)
    HAL_GPIO_Init                            0x080018dd   Thumb Code   388  stm32f4xx_hal_gpio.o(i.HAL_GPIO_Init)
    HAL_GPIO_WritePin                        0x08001a8d   Thumb Code    10  stm32f4xx_hal_gpio.o(i.HAL_GPIO_WritePin)
    HAL_GetTick                              0x08001a99   Thumb Code     6  stm32f4xx_hal.o(i.HAL_GetTick)
    HAL_I2C_Init                             0x08001aa5   Thumb Code   356  stm32f4xx_hal_i2c.o(i.HAL_I2C_Init)
    HAL_I2C_Mem_Read                         0x08001c19   Thumb Code   490  stm32f4xx_hal_i2c.o(i.HAL_I2C_Mem_Read)
    HAL_I2C_MspInit                          0x08001e11   Thumb Code   118  i2c.o(i.HAL_I2C_MspInit)
    HAL_IncTick                              0x08001e99   Thumb Code    12  stm32f4xx_hal.o(i.HAL_IncTick)
    HAL_Init                                 0x08001ea9   Thumb Code    48  stm32f4xx_hal.o(i.HAL_Init)
    HAL_InitTick                             0x08001edd   Thumb Code   102  stm32f4xx_hal_timebase_tim.o(i.HAL_InitTick)
    HAL_MspInit                              0x08001f51   Thumb Code    52  stm32f4xx_hal_msp.o(i.HAL_MspInit)
    HAL_NVIC_EnableIRQ                       0x08001f89   Thumb Code    26  stm32f4xx_hal_cortex.o(i.HAL_NVIC_EnableIRQ)
    HAL_NVIC_SetPriority                     0x08001fa5   Thumb Code    60  stm32f4xx_hal_cortex.o(i.HAL_NVIC_SetPriority)
    HAL_NVIC_SetPriorityGrouping             0x08001fe5   Thumb Code    26  stm32f4xx_hal_cortex.o(i.HAL_NVIC_SetPriorityGrouping)
    HAL_RCC_ClockConfig                      0x08002009   Thumb Code   286  stm32f4xx_hal_rcc.o(i.HAL_RCC_ClockConfig)
    HAL_RCC_GetClockConfig                   0x08002139   Thumb Code    54  stm32f4xx_hal_rcc.o(i.HAL_RCC_GetClockConfig)
    HAL_RCC_GetPCLK1Freq                     0x08002179   Thumb Code    20  stm32f4xx_hal_rcc.o(i.HAL_RCC_GetPCLK1Freq)
    HAL_RCC_GetPCLK2Freq                     0x08002199   Thumb Code    20  stm32f4xx_hal_rcc.o(i.HAL_RCC_GetPCLK2Freq)
    HAL_RCC_GetSysClockFreq                  0x080021b9   Thumb Code    88  stm32f4xx_hal_rcc.o(i.HAL_RCC_GetSysClockFreq)
    HAL_RCC_OscConfig                        0x0800221d   Thumb Code   770  stm32f4xx_hal_rcc.o(i.HAL_RCC_OscConfig)
    HAL_SPI_Init                             0x08002539   Thumb Code   128  stm32f4xx_hal_spi.o(i.HAL_SPI_Init)
    HAL_SPI_MspInit                          0x080025b9   Thumb Code   230  spi.o(i.HAL_SPI_MspInit)
    HAL_TIMEx_BreakCallback                  0x080026b9   Thumb Code     2  stm32f4xx_hal_tim_ex.o(i.HAL_TIMEx_BreakCallback)
    HAL_TIMEx_CommutCallback                 0x080026bb   Thumb Code     2  stm32f4xx_hal_tim_ex.o(i.HAL_TIMEx_CommutCallback)
    HAL_TIMEx_ConfigBreakDeadTime            0x080026bd   Thumb Code    84  stm32f4xx_hal_tim_ex.o(i.HAL_TIMEx_ConfigBreakDeadTime)
    HAL_TIMEx_MasterConfigSynchronization    0x08002711   Thumb Code    66  stm32f4xx_hal_tim_ex.o(i.HAL_TIMEx_MasterConfigSynchronization)
    HAL_TIM_Base_Init                        0x08002753   Thumb Code    54  stm32f4xx_hal_tim.o(i.HAL_TIM_Base_Init)
    HAL_TIM_Base_MspInit                     0x08002789   Thumb Code   170  tim.o(i.HAL_TIM_Base_MspInit)
    HAL_TIM_Base_Start_IT                    0x0800284d   Thumb Code    34  stm32f4xx_hal_tim.o(i.HAL_TIM_Base_Start_IT)
    HAL_TIM_ConfigClockSource                0x0800286f   Thumb Code   214  stm32f4xx_hal_tim.o(i.HAL_TIM_ConfigClockSource)
    HAL_TIM_IC_CaptureCallback               0x08002945   Thumb Code     2  stm32f4xx_hal_tim.o(i.HAL_TIM_IC_CaptureCallback)
    HAL_TIM_IRQHandler                       0x08002947   Thumb Code   358  stm32f4xx_hal_tim.o(i.HAL_TIM_IRQHandler)
    HAL_TIM_MspPostInit                      0x08002aad   Thumb Code   152  tim.o(i.HAL_TIM_MspPostInit)
    HAL_TIM_OC_DelayElapsedCallback          0x08002b5d   Thumb Code     2  stm32f4xx_hal_tim.o(i.HAL_TIM_OC_DelayElapsedCallback)
    HAL_TIM_PWM_ConfigChannel                0x08002b5f   Thumb Code   208  stm32f4xx_hal_tim.o(i.HAL_TIM_PWM_ConfigChannel)
    HAL_TIM_PWM_Init                         0x08002c2f   Thumb Code    54  stm32f4xx_hal_tim.o(i.HAL_TIM_PWM_Init)
    HAL_TIM_PWM_MspInit                      0x08002c65   Thumb Code     2  stm32f4xx_hal_tim.o(i.HAL_TIM_PWM_MspInit)
    HAL_TIM_PWM_PulseFinishedCallback        0x08002c67   Thumb Code     2  stm32f4xx_hal_tim.o(i.HAL_TIM_PWM_PulseFinishedCallback)
    HAL_TIM_PeriodElapsedCallback            0x08002c69   Thumb Code    52  stm32f4xx_it.o(i.HAL_TIM_PeriodElapsedCallback)
    HAL_TIM_TriggerCallback                  0x08002ca9   Thumb Code     2  stm32f4xx_hal_tim.o(i.HAL_TIM_TriggerCallback)
    HAL_UART_Init                            0x08002cab   Thumb Code    98  stm32f4xx_hal_uart.o(i.HAL_UART_Init)
    HAL_UART_MspInit                         0x08002d0d   Thumb Code   496  usart.o(i.HAL_UART_MspInit)
    HardFault_Handler                        0x08002f29   Thumb Code     2  stm32f4xx_it.o(i.HardFault_Handler)
    MX_CAN1_Init                             0x080031f1   Thumb Code    60  can.o(i.MX_CAN1_Init)
    MX_CAN2_Init                             0x08003235   Thumb Code    60  can.o(i.MX_CAN2_Init)
    MX_DMA_Init                              0x08003279   Thumb Code   104  dma.o(i.MX_DMA_Init)
    MX_FREERTOS_Init                         0x080032e5   Thumb Code    74  freertos.o(i.MX_FREERTOS_Init)
    MX_GPIO_Init                             0x08003339   Thumb Code   444  gpio.o(i.MX_GPIO_Init)
    MX_I2C3_Init                             0x08003519   Thumb Code    50  i2c.o(i.MX_I2C3_Init)
    MX_SPI1_Init                             0x08003559   Thumb Code    64  spi.o(i.MX_SPI1_Init)
    MX_TIM10_Init                            0x080035a1   Thumb Code    92  tim.o(i.MX_TIM10_Init)
    MX_TIM12_Init                            0x08003605   Thumb Code    66  tim.o(i.MX_TIM12_Init)
    MX_TIM1_Init                             0x08003651   Thumb Code   244  tim.o(i.MX_TIM1_Init)
    MX_TIM3_Init                             0x0800374d   Thumb Code    92  tim.o(i.MX_TIM3_Init)
    MX_TIM6_Init                             0x080037b1   Thumb Code    60  tim.o(i.MX_TIM6_Init)
    MX_USART1_UART_Init                      0x080037f5   Thumb Code    46  usart.o(i.MX_USART1_UART_Init)
    MX_USART3_UART_Init                      0x08003831   Thumb Code    46  usart.o(i.MX_USART3_UART_Init)
    MX_USART6_UART_Init                      0x0800386d   Thumb Code    46  usart.o(i.MX_USART6_UART_Init)
    MemManage_Handler                        0x080038a9   Thumb Code     2  stm32f4xx_it.o(i.MemManage_Handler)
    NMI_Handler                              0x080038ab   Thumb Code     2  stm32f4xx_it.o(i.NMI_Handler)
    PID_struct_init                          0x080038ad   Thumb Code    16  pid.o(i.PID_struct_init)
    Referee_Data_Handler                     0x080038c5   Thumb Code   350  protocol.o(i.Referee_Data_Handler)
    RefreshDeviceOutLineTime                 0x08003a35   Thumb Code    20  systemstate.o(i.RefreshDeviceOutLineTime)
    RefreshSysTime                           0x08003a4d   Thumb Code    10  systemstate.o(i.RefreshSysTime)
    RefreshTaskOutLineTime                   0x08003a5d   Thumb Code    20  systemstate.o(i.RefreshTaskOutLineTime)
    RemoteControlProcess                     0x08003a75   Thumb Code   116  freertos.o(i.RemoteControlProcess)
    Remote_Ctrl                              0x08003b01   Thumb Code   100  communication.o(i.Remote_Ctrl)
    Remote_Data_Task                         0x08003b69   Thumb Code    80  freertos.o(i.Remote_Data_Task)
    SPI1_DMA_enable                          0x08003bc1   Thumb Code  4706  bsp_spi.o(i.SPI1_DMA_enable)
    StartDefaultTask                         0x08004e35   Thumb Code     8  freertos.o(i.StartDefaultTask)
    SysTick_Handler                          0x08004e3d   Thumb Code    38  port.o(i.SysTick_Handler)
    SystemClock_Config                       0x08004e69   Thumb Code   126  main.o(i.SystemClock_Config)
    SystemInit                               0x08004ef1   Thumb Code    66  system_stm32f4xx.o(i.SystemInit)
    TIM2_IRQHandler                          0x08004f45   Thumb Code     6  stm32f4xx_it.o(i.TIM2_IRQHandler)
    TIM3_IRQHandler                          0x08004f51   Thumb Code     6  stm32f4xx_it.o(i.TIM3_IRQHandler)
    TIM6_DAC_IRQHandler                      0x08004f5d   Thumb Code     6  stm32f4xx_it.o(i.TIM6_DAC_IRQHandler)
    TIM8_BRK_TIM12_IRQHandler                0x08004f69   Thumb Code     6  stm32f4xx_it.o(i.TIM8_BRK_TIM12_IRQHandler)
    TIM_Base_SetConfig                       0x08004f75   Thumb Code   156  stm32f4xx_hal_tim.o(i.TIM_Base_SetConfig)
    TIM_ETR_SetConfig                        0x0800503d   Thumb Code    20  stm32f4xx_hal_tim.o(i.TIM_ETR_SetConfig)
    TIM_OC2_SetConfig                        0x080050c1   Thumb Code    98  stm32f4xx_hal_tim.o(i.TIM_OC2_SetConfig)
    USART1_IRQHandler                        0x080054d9   Thumb Code   250  stm32f4xx_it.o(i.USART1_IRQHandler)
    USART3_IRQHandler                        0x080055f1   Thumb Code   250  stm32f4xx_it.o(i.USART3_IRQHandler)
    USART6_IRQHandler                        0x08005709   Thumb Code    72  stm32f4xx_it.o(i.USART6_IRQHandler)
    UsageFault_Handler                       0x0800575d   Thumb Code     2  stm32f4xx_it.o(i.UsageFault_Handler)
    __scatterload_copy                       0x0800577f   Thumb Code    14  handlers.o(i.__scatterload_copy)
    __scatterload_null                       0x0800578d   Thumb Code     2  handlers.o(i.__scatterload_null)
    __scatterload_zeroinit                   0x0800578f   Thumb Code    14  handlers.o(i.__scatterload_zeroinit)
    delay_init                               0x0800579d   Thumb Code    26  bsp_delay.o(i.delay_init)
    get_crc16_check_sum                      0x080057c5   Thumb Code    38  protocol.o(i.get_crc16_check_sum)
    get_crc8_check_sum                       0x080057f1   Thumb Code    26  protocol.o(i.get_crc8_check_sum)
    get_moto_measure_3508                    0x08005811   Thumb Code    64  motor_use_can.o(i.get_moto_measure_3508)
    get_moto_measure_6020                    0x08005851   Thumb Code    60  motor_use_can.o(i.get_moto_measure_6020)
    get_moto_measure_6623                    0x0800588d   Thumb Code    62  motor_use_can.o(i.get_moto_measure_6623)
    get_moto_offset                          0x080058cb   Thumb Code    10  motor_use_can.o(i.get_moto_offset)
    gimbal_pid_init                          0x080058d5   Thumb Code   432  gimbal_control.o(i.gimbal_pid_init)
    imu_cmd_spi_dma                          0x08005acd   Thumb Code   228  ins_task.o(i.imu_cmd_spi_dma)
    ist8310_IIC_read_muli_reg                0x08005bc5   Thumb Code    22  ist8310driver_middleware.o(i.ist8310_IIC_read_muli_reg)
    ist8310_read_mag                         0x08005be1   Thumb Code    80  ist8310driver.o(i.ist8310_read_mag)
    main                                     0x08005c35   Thumb Code    30  main.o(i.main)
    osDelay                                  0x08005c5f   Thumb Code    14  cmsis_os.o(i.osDelay)
    osDelayUntil                             0x08005c6d   Thumb Code    14  cmsis_os.o(i.osDelayUntil)
    osKernelStart                            0x08005c7b   Thumb Code    10  cmsis_os.o(i.osKernelStart)
    osThreadCreate                           0x08005c85   Thumb Code    84  cmsis_os.o(i.osThreadCreate)
    pvPortMalloc                             0x08006031   Thumb Code   210  heap_4.o(i.pvPortMalloc)
    pxPortInitialiseStack                    0x08006109   Thumb Code    40  port.o(i.pxPortInitialiseStack)
    ulTaskNotifyTake                         0x08006135   Thumb Code    96  tasks.o(i.ulTaskNotifyTake)
    uxListRemove                             0x0800619d   Thumb Code    38  list.o(i.uxListRemove)
    vApplicationGetIdleTaskMemory            0x080061c5   Thumb Code    16  freertos.o(i.vApplicationGetIdleTaskMemory)
    vListInitialise                          0x080061d9   Thumb Code    22  list.o(i.vListInitialise)
    vListInitialiseItem                      0x080061ef   Thumb Code     6  list.o(i.vListInitialiseItem)
    vListInsert                              0x080061f5   Thumb Code    48  list.o(i.vListInsert)
    vListInsertEnd                           0x08006225   Thumb Code    24  list.o(i.vListInsertEnd)
    vPortEnterCritical                       0x0800623d   Thumb Code    54  port.o(i.vPortEnterCritical)
    vPortExitCritical                        0x0800627d   Thumb Code    34  port.o(i.vPortExitCritical)
    vPortFree                                0x080062a5   Thumb Code    88  heap_4.o(i.vPortFree)
    vPortSetupTimerInterrupt                 0x08006301   Thumb Code    32  port.o(i.vPortSetupTimerInterrupt)
    vPortValidateInterruptPriority           0x08006325   Thumb Code    74  port.o(i.vPortValidateInterruptPriority)
    vTaskDelay                               0x08006379   Thumb Code    66  tasks.o(i.vTaskDelay)
    vTaskDelayUntil                          0x080063c5   Thumb Code   132  tasks.o(i.vTaskDelayUntil)
    vTaskNotifyGiveFromISR                   0x08006451   Thumb Code   174  tasks.o(i.vTaskNotifyGiveFromISR)
    vTaskStartScheduler                      0x08006509   Thumb Code    90  tasks.o(i.vTaskStartScheduler)
    vTaskSuspendAll                          0x08006575   Thumb Code    10  tasks.o(i.vTaskSuspendAll)
    vTaskSwitchContext                       0x08006585   Thumb Code    82  tasks.o(i.vTaskSwitchContext)
    verify_crc16_check_sum                   0x080065e1   Thumb Code    54  protocol.o(i.verify_crc16_check_sum)
    verify_crc8_check_sum                    0x0800661d   Thumb Code    42  protocol.o(i.verify_crc8_check_sum)
    xPortStartScheduler                      0x08006649   Thumb Code   222  port.o(i.xPortStartScheduler)
    xTaskCreate                              0x0800673d   Thumb Code    90  tasks.o(i.xTaskCreate)
    xTaskCreateStatic                        0x08006797   Thumb Code    86  tasks.o(i.xTaskCreateStatic)
    xTaskGetTickCount                        0x080067ed   Thumb Code     6  tasks.o(i.xTaskGetTickCount)
    xTaskIncrementTick                       0x080067f9   Thumb Code   192  tasks.o(i.xTaskIncrementTick)
    xTaskResumeAll                           0x080068c1   Thumb Code   182  tasks.o(i.xTaskResumeAll)
    CRC8_TAB                                 0x08006984   Data         256  protocol.o(.constdata)
    wCRC_Table                               0x08006a84   Data         512  protocol.o(.constdata)
    AHBPrescTable                            0x08006cf8   Data          16  system_stm32f4xx.o(.constdata)
    APBPrescTable                            0x08006d08   Data           8  system_stm32f4xx.o(.constdata)
    Region$$Table$$Base                      0x08006d38   Number         0  anon$$obj.o(Region$$Table)
    Region$$Table$$Limit                     0x08006d58   Number         0  anon$$obj.o(Region$$Table)
    gimbal_status                            0x20000008   Data           8  gimbal_control.o(.data)
    USART6_RX_NUM                            0x20000018   Data           2  communication.o(.data)
    gyro_update_flag                         0x2000001a   Data           1  ins_task.o(.data)
    accel_update_flag                        0x2000001b   Data           1  ins_task.o(.data)
    accel_temp_update_flag                   0x2000001c   Data           1  ins_task.o(.data)
    imu_start_dma_flag                       0x2000001d   Data           1  ins_task.o(.data)
    accel_temp_dma_tx_buf                    0x2000001e   Data           4  ins_task.o(.data)
    accel_temp_dma_rx_buf                    0x20000022   Data           4  ins_task.o(.data)
    gyro_dma_tx_buf                          0x20000026   Data           8  ins_task.o(.data)
    gyro_dma_rx_buf                          0x2000002e   Data           8  ins_task.o(.data)
    accel_dma_tx_buf                         0x20000036   Data           9  ins_task.o(.data)
    mag_update_flag                          0x2000003f   Data           1  ins_task.o(.data)
    CRC_INIT                                 0x20000040   Data           2  protocol.o(.data)
    lianfa_speed                             0x20000048   Data           4  protocol.o(.data)
    heat_limit_max                           0x2000004c   Data           4  protocol.o(.data)
    heat_limit_min                           0x20000050   Data           4  protocol.o(.data)
    defaultTaskHandle                        0x20000058   Data           4  freertos.o(.data)
    GimbalTaskHandle                         0x2000005c   Data           4  freertos.o(.data)
    RemoteDataTaskHandle                     0x20000060   Data           4  freertos.o(.data)
    sy                                       0x20000064   Data           1  stm32f4xx_it.o(.data)
    DMA_FLAGS                                0x20000070   Data           4  stm32f4xx_it.o(.data)
    CAN1_RX_date                             0x20000074   Data           8  stm32f4xx_it.o(.data)
    CAN2_RX_date                             0x2000007c   Data           8  stm32f4xx_it.o(.data)
    uwTickFreq                               0x20000084   Data           1  stm32f4xx_hal.o(.data)
    uwTickPrio                               0x20000088   Data           4  stm32f4xx_hal.o(.data)
    uwTick                                   0x2000008c   Data           4  stm32f4xx_hal.o(.data)
    SystemCoreClock                          0x20000090   Data           4  system_stm32f4xx.o(.data)
    pxCurrentTCB                             0x20000094   Data           4  tasks.o(.data)
    yaw_set                                  0x200000f4   Data          16  gimbal_control.o(.bss)
    yaw_tly_set                              0x20000104   Data          16  gimbal_control.o(.bss)
    pit_set                                  0x20000114   Data          16  gimbal_control.o(.bss)
    pid_yaw                                  0x20000124   Data         128  gimbal_control.o(.bss)
    pid_yaw_spd                              0x200001a4   Data         128  gimbal_control.o(.bss)
    pid_pit                                  0x20000224   Data         128  gimbal_control.o(.bss)
    pid_pit_spd                              0x200002a4   Data         128  gimbal_control.o(.bss)
    pid_pit_start                            0x20000324   Data         128  gimbal_control.o(.bss)
    pid_pit_start_spd                        0x200003a4   Data         128  gimbal_control.o(.bss)
    pid_yaw_start                            0x20000424   Data         128  gimbal_control.o(.bss)
    pid_yaw_start_spd                        0x200004a4   Data         128  gimbal_control.o(.bss)
    pid_yaw_jy901                            0x20000524   Data         128  gimbal_control.o(.bss)
    pid_yaw_jy901_spd                        0x200005a4   Data         128  gimbal_control.o(.bss)
    pid_yaw_xiaotuoluo                       0x20000624   Data         128  gimbal_control.o(.bss)
    pid_yaw_xiaotuoluo_spd                   0x200006a4   Data         128  gimbal_control.o(.bss)
    pid_pit_dashen                           0x20000724   Data         128  gimbal_control.o(.bss)
    pid_pit_dashen_spd                       0x200007a4   Data         128  gimbal_control.o(.bss)
    USART3_RX_DATA                           0x20000824   Data          18  communication.o(.bss)
    RC_Ctl                                   0x20000836   Data          20  communication.o(.bss)
    USART1_RX_DATA                           0x2000084a   Data          18  communication.o(.bss)
    USART6_RX_DATA                           0x2000085c   Data          18  communication.o(.bss)
    imu_temp_pid                             0x20000870   Data         128  ins_task.o(.bss)
    ins_yaw                                  0x200008f0   Data          60  ins_task.o(.bss)
    INS_quat                                 0x2000092c   Data          16  ins_task.o(.bss)
    INS_angle                                0x2000093c   Data          12  ins_task.o(.bss)
    accel_dma_rx_buf                         0x20000948   Data           9  ins_task.o(.bss)
    bmi088_real_data                         0x20000954   Data          36  ins_task.o(.bss)
    ist8310_real_data                        0x20000978   Data          16  ins_task.o(.bss)
    moto_dial_get                            0x20000988   Data          60  motor_use_can.o(.bss)
    moto_moca_get                            0x200009c4   Data         120  motor_use_can.o(.bss)
    pit_get                                  0x20000a3c   Data          60  motor_use_can.o(.bss)
    yaw_get                                  0x20000a78   Data          60  motor_use_can.o(.bss)
    Robot                                    0x20000ab4   Data          64  protocol.o(.bss)
    SystemState                              0x20000af4   Data          20  systemstate.o(.bss)
    g_Time_DeviceOutLine                     0x20000b08   Data          24  systemstate.o(.bss)
    g_Time_TASKOutLine                       0x20000b20   Data          24  systemstate.o(.bss)
    hcan1                                    0x20000b38   Data          40  can.o(.bss)
    hcan2                                    0x20000b60   Data          40  can.o(.bss)
    hi2c3                                    0x20000ddc   Data          84  i2c.o(.bss)
    hspi1                                    0x20000e30   Data          88  spi.o(.bss)
    hdma_spi1_rx                             0x20000e88   Data          96  spi.o(.bss)
    hdma_spi1_tx                             0x20000ee8   Data          96  spi.o(.bss)
    htim1                                    0x20000f48   Data          64  tim.o(.bss)
    htim3                                    0x20000f88   Data          64  tim.o(.bss)
    htim6                                    0x20000fc8   Data          64  tim.o(.bss)
    htim10                                   0x20001008   Data          64  tim.o(.bss)
    htim12                                   0x20001048   Data          64  tim.o(.bss)
    huart1                                   0x20001088   Data          64  usart.o(.bss)
    huart3                                   0x200010c8   Data          64  usart.o(.bss)
    huart6                                   0x20001108   Data          64  usart.o(.bss)
    hdma_usart3_rx                           0x20001148   Data          96  usart.o(.bss)
    hdma_usart1_rx                           0x200011a8   Data          96  usart.o(.bss)
    hdma_usart6_rx                           0x20001208   Data          96  usart.o(.bss)
    CAN1_Rx_Header                           0x20001268   Data          28  stm32f4xx_it.o(.bss)
    CAN2_Rx_Header                           0x20001284   Data          28  stm32f4xx_it.o(.bss)
    htim2                                    0x200012a0   Data          64  stm32f4xx_hal_timebase_tim.o(.bss)
    __initial_sp                             0x200053d0   Data           0  startup_stm32f407xx.o(STACK)



==============================================================================

Memory Map of the image

  Image Entry point : 0x08000189

  Load Region LR_IROM1 (Base: 0x08000000, Size: 0x00006e4c, Max: 0x00100000, ABSOLUTE)

    Execution Region ER_IROM1 (Base: 0x08000000, Size: 0x00006d58, Max: 0x00100000, ABSOLUTE)

    Base Addr    Size         Type   Attr      Idx    E Section Name        Object

    0x08000000   0x00000188   Data   RO            3    RESET               startup_stm32f407xx.o
    0x08000188   0x00000000   Code   RO         6852  * .ARM.Collect$$$$00000000  mc_w.l(entry.o)
    0x08000188   0x00000004   Code   RO         7198    .ARM.Collect$$$$00000001  mc_w.l(entry2.o)
    0x0800018c   0x00000004   Code   RO         7201    .ARM.Collect$$$$00000004  mc_w.l(entry5.o)
    0x08000190   0x00000000   Code   RO         7203    .ARM.Collect$$$$00000008  mc_w.l(entry7b.o)
    0x08000190   0x00000000   Code   RO         7205    .ARM.Collect$$$$0000000A  mc_w.l(entry8b.o)
    0x08000190   0x00000008   Code   RO         7206    .ARM.Collect$$$$0000000B  mc_w.l(entry9a.o)
    0x08000198   0x00000000   Code   RO         7208    .ARM.Collect$$$$0000000D  mc_w.l(entry10a.o)
    0x08000198   0x00000000   Code   RO         7210    .ARM.Collect$$$$0000000F  mc_w.l(entry11a.o)
    0x08000198   0x00000004   Code   RO         7199    .ARM.Collect$$$$00002712  mc_w.l(entry2.o)
    0x0800019c   0x000000be   Code   RO         6739    .emb_text           port.o
    0x0800025a   0x00000002   PAD
    0x0800025c   0x00000024   Code   RO            4    .text               startup_stm32f407xx.o
    0x08000280   0x00000062   Code   RO         6855    .text               mc_w.l(uldiv.o)
    0x080002e2   0x00000024   Code   RO         6861    .text               mc_w.l(memcpya.o)
    0x08000306   0x00000024   Code   RO         6865    .text               mc_w.l(memseta.o)
    0x0800032a   0x0000014e   Code   RO         7158    .text               mf_w.l(dadd.o)
    0x08000478   0x000000de   Code   RO         7160    .text               mf_w.l(ddiv.o)
    0x08000556   0x00000022   Code   RO         7162    .text               mf_w.l(dflti.o)
    0x08000578   0x0000001a   Code   RO         7164    .text               mf_w.l(dfltui.o)
    0x08000592   0x00000038   Code   RO         7168    .text               mf_w.l(d2f.o)
    0x080005ca   0x0000001e   Code   RO         7215    .text               mc_w.l(llshl.o)
    0x080005e8   0x00000020   Code   RO         7217    .text               mc_w.l(llushr.o)
    0x08000608   0x00000024   Code   RO         7219    .text               mc_w.l(llsshr.o)
    0x0800062c   0x00000000   Code   RO         7230    .text               mc_w.l(iusefp.o)
    0x0800062c   0x0000006e   Code   RO         7231    .text               mf_w.l(fepilogue.o)
    0x0800069a   0x000000ba   Code   RO         7233    .text               mf_w.l(depilogue.o)
    0x08000754   0x00000024   Code   RO         7245    .text               mc_w.l(init.o)
    0x08000778   0x000000b0   Code   RO         2105    i.BSP_Init          bsp.o
    0x08000828   0x00000068   Code   RO         1769    i.Bsp_UART_Receive_DMA  usart.o
    0x08000890   0x00000016   Code   RO         1770    i.Bsp_UART_Receive_IT  usart.o
    0x080008a6   0x00000002   Code   RO         1853    i.BusFault_Handler  stm32f4xx_it.o
    0x080008a8   0x0000000c   Code   RO         1854    i.CAN1_RX0_IRQHandler  stm32f4xx_it.o
    0x080008b4   0x0000000c   Code   RO         1855    i.CAN2_RX0_IRQHandler  stm32f4xx_it.o
    0x080008c0   0x00000002   Code   RO          977    i.CAN_GET_CP        motor_use_can.o
    0x080008c2   0x00000002   Code   RO          978    i.CAN_GET_ERROR     motor_use_can.o
    0x080008c4   0x0000003c   Code   RO         1459    i.CanFilter_Init    can.o
    0x08000900   0x0000000c   Code   RO         1856    i.DMA1_Stream1_IRQHandler  stm32f4xx_it.o
    0x0800090c   0x0000000c   Code   RO         1857    i.DMA2_Stream1_IRQHandler  stm32f4xx_it.o
    0x08000918   0x000002d0   Code   RO         1858    i.DMA2_Stream2_IRQHandler  stm32f4xx_it.o
    0x08000be8   0x0000000c   Code   RO         1859    i.DMA2_Stream3_IRQHandler  stm32f4xx_it.o
    0x08000bf4   0x00000028   Code   RO         2822    i.DMA_CalcBaseAndBitshift  stm32f4xx_hal_dma.o
    0x08000c1c   0x00000054   Code   RO         2823    i.DMA_CheckFifoParam  stm32f4xx_hal_dma.o
    0x08000c70   0x00000028   Code   RO         2824    i.DMA_SetConfig     stm32f4xx_hal_dma.o
    0x08000c98   0x00000002   Code   RO         1860    i.DebugMon_Handler  stm32f4xx_it.o
    0x08000c9a   0x00000006   Code   RO         1861    i.EXTI0_IRQHandler  stm32f4xx_it.o
    0x08000ca0   0x00000006   Code   RO         1862    i.EXTI3_IRQHandler  stm32f4xx_it.o
    0x08000ca6   0x00000006   Code   RO         1863    i.EXTI4_IRQHandler  stm32f4xx_it.o
    0x08000cac   0x00000006   Code   RO         1864    i.EXTI9_5_IRQHandler  stm32f4xx_it.o
    0x08000cb2   0x00000002   Code   RO         1389    i.Error_Handler     main.o
    0x08000cb4   0x0000004c   Code   RO         1366    i.GetSystemTimer    systemstate.o
    0x08000d00   0x00000088   Code   RO           13    i.Gimbal_Task       gimbal_control.o
    0x08000d88   0x00000024   Code   RO         2130    i.HAL_CAN_ActivateNotification  stm32f4xx_hal_can.o
    0x08000dac   0x0000010c   Code   RO         2132    i.HAL_CAN_ConfigFilter  stm32f4xx_hal_can.o
    0x08000eb8   0x00000002   Code   RO         2135    i.HAL_CAN_ErrorCallback  stm32f4xx_hal_can.o
    0x08000eba   0x000000e8   Code   RO         2138    i.HAL_CAN_GetRxMessage  stm32f4xx_hal_can.o
    0x08000fa2   0x000001fc   Code   RO         2142    i.HAL_CAN_IRQHandler  stm32f4xx_hal_can.o
    0x0800119e   0x0000011a   Code   RO         2143    i.HAL_CAN_Init      stm32f4xx_hal_can.o
    0x080012b8   0x000000fc   Code   RO         1461    i.HAL_CAN_MspInit   can.o
    0x080013b4   0x00000002   Code   RO         2150    i.HAL_CAN_RxFifo0FullCallback  stm32f4xx_hal_can.o
    0x080013b6   0x00000002   PAD
    0x080013b8   0x0000016c   Code   RO         1865    i.HAL_CAN_RxFifo0MsgPendingCallback  stm32f4xx_it.o
    0x08001524   0x00000002   Code   RO         2152    i.HAL_CAN_RxFifo1FullCallback  stm32f4xx_hal_can.o
    0x08001526   0x00000002   Code   RO         2153    i.HAL_CAN_RxFifo1MsgPendingCallback  stm32f4xx_hal_can.o
    0x08001528   0x00000002   Code   RO         2154    i.HAL_CAN_SleepCallback  stm32f4xx_hal_can.o
    0x0800152a   0x00000002   PAD
    0x0800152c   0x00000058   Code   RO         2155    i.HAL_CAN_Start     stm32f4xx_hal_can.o
    0x08001584   0x00000002   Code   RO         2157    i.HAL_CAN_TxMailbox0AbortCallback  stm32f4xx_hal_can.o
    0x08001586   0x00000002   Code   RO         2158    i.HAL_CAN_TxMailbox0CompleteCallback  stm32f4xx_hal_can.o
    0x08001588   0x00000002   Code   RO         2159    i.HAL_CAN_TxMailbox1AbortCallback  stm32f4xx_hal_can.o
    0x0800158a   0x00000002   Code   RO         2160    i.HAL_CAN_TxMailbox1CompleteCallback  stm32f4xx_hal_can.o
    0x0800158c   0x00000002   Code   RO         2161    i.HAL_CAN_TxMailbox2AbortCallback  stm32f4xx_hal_can.o
    0x0800158e   0x00000002   Code   RO         2162    i.HAL_CAN_TxMailbox2CompleteCallback  stm32f4xx_hal_can.o
    0x08001590   0x00000002   Code   RO         2164    i.HAL_CAN_WakeUpFromRxMsgCallback  stm32f4xx_hal_can.o
    0x08001592   0x00000002   PAD
    0x08001594   0x000001a0   Code   RO         2830    i.HAL_DMA_IRQHandler  stm32f4xx_hal_dma.o
    0x08001734   0x000000d4   Code   RO         2831    i.HAL_DMA_Init      stm32f4xx_hal_dma.o
    0x08001808   0x00000046   Code   RO         2834    i.HAL_DMA_Start     stm32f4xx_hal_dma.o
    0x0800184e   0x00000002   PAD
    0x08001850   0x00000074   Code   RO         1866    i.HAL_GPIO_EXTI_Callback  stm32f4xx_it.o
    0x080018c4   0x00000018   Code   RO         2717    i.HAL_GPIO_EXTI_IRQHandler  stm32f4xx_hal_gpio.o
    0x080018dc   0x000001b0   Code   RO         2718    i.HAL_GPIO_Init     stm32f4xx_hal_gpio.o
    0x08001a8c   0x0000000a   Code   RO         2722    i.HAL_GPIO_WritePin  stm32f4xx_hal_gpio.o
    0x08001a96   0x00000002   PAD
    0x08001a98   0x0000000c   Code   RO         3250    i.HAL_GetTick       stm32f4xx_hal.o
    0x08001aa4   0x00000174   Code   RO         3503    i.HAL_I2C_Init      stm32f4xx_hal_i2c.o
    0x08001c18   0x000001f8   Code   RO         3521    i.HAL_I2C_Mem_Read  stm32f4xx_hal_i2c.o
    0x08001e10   0x00000088   Code   RO         1614    i.HAL_I2C_MspInit   i2c.o
    0x08001e98   0x00000010   Code   RO         3256    i.HAL_IncTick       stm32f4xx_hal.o
    0x08001ea8   0x00000034   Code   RO         3257    i.HAL_Init          stm32f4xx_hal.o
    0x08001edc   0x00000074   Code   RO         2066    i.HAL_InitTick      stm32f4xx_hal_timebase_tim.o
    0x08001f50   0x00000038   Code   RO         2042    i.HAL_MspInit       stm32f4xx_hal_msp.o
    0x08001f88   0x0000001a   Code   RO         3107    i.HAL_NVIC_EnableIRQ  stm32f4xx_hal_cortex.o
    0x08001fa2   0x00000002   PAD
    0x08001fa4   0x00000040   Code   RO         3113    i.HAL_NVIC_SetPriority  stm32f4xx_hal_cortex.o
    0x08001fe4   0x00000024   Code   RO         3114    i.HAL_NVIC_SetPriorityGrouping  stm32f4xx_hal_cortex.o
    0x08002008   0x00000130   Code   RO         2364    i.HAL_RCC_ClockConfig  stm32f4xx_hal_rcc.o
    0x08002138   0x00000040   Code   RO         2368    i.HAL_RCC_GetClockConfig  stm32f4xx_hal_rcc.o
    0x08002178   0x00000020   Code   RO         2371    i.HAL_RCC_GetPCLK1Freq  stm32f4xx_hal_rcc.o
    0x08002198   0x00000020   Code   RO         2372    i.HAL_RCC_GetPCLK2Freq  stm32f4xx_hal_rcc.o
    0x080021b8   0x00000064   Code   RO         2373    i.HAL_RCC_GetSysClockFreq  stm32f4xx_hal_rcc.o
    0x0800221c   0x0000031c   Code   RO         2376    i.HAL_RCC_OscConfig  stm32f4xx_hal_rcc.o
    0x08002538   0x00000080   Code   RO         3943    i.HAL_SPI_Init      stm32f4xx_hal_spi.o
    0x080025b8   0x00000100   Code   RO         1656    i.HAL_SPI_MspInit   spi.o
    0x080026b8   0x00000002   Code   RO         4931    i.HAL_TIMEx_BreakCallback  stm32f4xx_hal_tim_ex.o
    0x080026ba   0x00000002   Code   RO         4932    i.HAL_TIMEx_CommutCallback  stm32f4xx_hal_tim_ex.o
    0x080026bc   0x00000054   Code   RO         4934    i.HAL_TIMEx_ConfigBreakDeadTime  stm32f4xx_hal_tim_ex.o
    0x08002710   0x00000042   Code   RO         4949    i.HAL_TIMEx_MasterConfigSynchronization  stm32f4xx_hal_tim_ex.o
    0x08002752   0x00000036   Code   RO         4256    i.HAL_TIM_Base_Init  stm32f4xx_hal_tim.o
    0x08002788   0x000000c4   Code   RO         1698    i.HAL_TIM_Base_MspInit  tim.o
    0x0800284c   0x00000022   Code   RO         4261    i.HAL_TIM_Base_Start_IT  stm32f4xx_hal_tim.o
    0x0800286e   0x000000d6   Code   RO         4265    i.HAL_TIM_ConfigClockSource  stm32f4xx_hal_tim.o
    0x08002944   0x00000002   Code   RO         4285    i.HAL_TIM_IC_CaptureCallback  stm32f4xx_hal_tim.o
    0x08002946   0x00000166   Code   RO         4299    i.HAL_TIM_IRQHandler  stm32f4xx_hal_tim.o
    0x08002aac   0x000000b0   Code   RO         1699    i.HAL_TIM_MspPostInit  tim.o
    0x08002b5c   0x00000002   Code   RO         4302    i.HAL_TIM_OC_DelayElapsedCallback  stm32f4xx_hal_tim.o
    0x08002b5e   0x000000d0   Code   RO         4323    i.HAL_TIM_PWM_ConfigChannel  stm32f4xx_hal_tim.o
    0x08002c2e   0x00000036   Code   RO         4326    i.HAL_TIM_PWM_Init  stm32f4xx_hal_tim.o
    0x08002c64   0x00000002   Code   RO         4328    i.HAL_TIM_PWM_MspInit  stm32f4xx_hal_tim.o
    0x08002c66   0x00000002   Code   RO         4329    i.HAL_TIM_PWM_PulseFinishedCallback  stm32f4xx_hal_tim.o
    0x08002c68   0x00000040   Code   RO         1867    i.HAL_TIM_PeriodElapsedCallback  stm32f4xx_it.o
    0x08002ca8   0x00000002   Code   RO         4342    i.HAL_TIM_TriggerCallback  stm32f4xx_hal_tim.o
    0x08002caa   0x00000062   Code   RO         5207    i.HAL_UART_Init     stm32f4xx_hal_uart.o
    0x08002d0c   0x0000021c   Code   RO         1772    i.HAL_UART_MspInit  usart.o
    0x08002f28   0x00000002   Code   RO         1868    i.HardFault_Handler  stm32f4xx_it.o
    0x08002f2a   0x0000002e   Code   RO         3545    i.I2C_IsAcknowledgeFailed  stm32f4xx_hal_i2c.o
    0x08002f58   0x000000e6   Code   RO         3554    i.I2C_RequestMemoryRead  stm32f4xx_hal_i2c.o
    0x0800303e   0x00000068   Code   RO         3559    i.I2C_WaitOnFlagUntilTimeout  stm32f4xx_hal_i2c.o
    0x080030a6   0x00000096   Code   RO         3560    i.I2C_WaitOnMasterAddressFlagUntilTimeout  stm32f4xx_hal_i2c.o
    0x0800313c   0x00000066   Code   RO         3561    i.I2C_WaitOnRXNEFlagUntilTimeout  stm32f4xx_hal_i2c.o
    0x080031a2   0x0000004c   Code   RO         3562    i.I2C_WaitOnTXEFlagUntilTimeout  stm32f4xx_hal_i2c.o
    0x080031ee   0x00000002   PAD
    0x080031f0   0x00000044   Code   RO         1462    i.MX_CAN1_Init      can.o
    0x08003234   0x00000044   Code   RO         1463    i.MX_CAN2_Init      can.o
    0x08003278   0x0000006c   Code   RO         1514    i.MX_DMA_Init       dma.o
    0x080032e4   0x00000054   Code   RO         1538    i.MX_FREERTOS_Init  freertos.o
    0x08003338   0x000001e0   Code   RO         1435    i.MX_GPIO_Init      gpio.o
    0x08003518   0x00000040   Code   RO         1615    i.MX_I2C3_Init      i2c.o
    0x08003558   0x00000048   Code   RO         1657    i.MX_SPI1_Init      spi.o
    0x080035a0   0x00000064   Code   RO         1700    i.MX_TIM10_Init     tim.o
    0x08003604   0x0000004c   Code   RO         1701    i.MX_TIM12_Init     tim.o
    0x08003650   0x000000fc   Code   RO         1702    i.MX_TIM1_Init      tim.o
    0x0800374c   0x00000064   Code   RO         1703    i.MX_TIM3_Init      tim.o
    0x080037b0   0x00000044   Code   RO         1704    i.MX_TIM6_Init      tim.o
    0x080037f4   0x0000003c   Code   RO         1773    i.MX_USART1_UART_Init  usart.o
    0x08003830   0x0000003c   Code   RO         1774    i.MX_USART3_UART_Init  usart.o
    0x0800386c   0x0000003c   Code   RO         1775    i.MX_USART6_UART_Init  usart.o
    0x080038a8   0x00000002   Code   RO         1869    i.MemManage_Handler  stm32f4xx_it.o
    0x080038aa   0x00000002   Code   RO         1870    i.NMI_Handler       stm32f4xx_it.o
    0x080038ac   0x00000018   Code   RO          279    i.PID_struct_init   pid.o
    0x080038c4   0x00000170   Code   RO         1223    i.Referee_Data_Handler  protocol.o
    0x08003a34   0x00000018   Code   RO         1315    i.RefreshDeviceOutLineTime  systemstate.o
    0x08003a4c   0x00000010   Code   RO         1316    i.RefreshSysTime    systemstate.o
    0x08003a5c   0x00000018   Code   RO         1317    i.RefreshTaskOutLineTime  systemstate.o
    0x08003a74   0x0000008c   Code   RO         1540    i.RemoteControlProcess  freertos.o
    0x08003b00   0x00000068   Code   RO          718    i.Remote_Ctrl       communication.o
    0x08003b68   0x00000058   Code   RO         1541    i.Remote_Data_Task  freertos.o
    0x08003bc0   0x00001274   Code   RO          684    i.SPI1_DMA_enable   bsp_spi.o
    0x08004e34   0x00000008   Code   RO         1542    i.StartDefaultTask  freertos.o
    0x08004e3c   0x0000002c   Code   RO         6740    i.SysTick_Handler   port.o
    0x08004e68   0x00000088   Code   RO         1390    i.SystemClock_Config  main.o
    0x08004ef0   0x00000054   Code   RO         5509    i.SystemInit        system_stm32f4xx.o
    0x08004f44   0x0000000c   Code   RO         1871    i.TIM2_IRQHandler   stm32f4xx_it.o
    0x08004f50   0x0000000c   Code   RO         1872    i.TIM3_IRQHandler   stm32f4xx_it.o
    0x08004f5c   0x0000000c   Code   RO         1873    i.TIM6_DAC_IRQHandler  stm32f4xx_it.o
    0x08004f68   0x0000000c   Code   RO         1874    i.TIM8_BRK_TIM12_IRQHandler  stm32f4xx_it.o
    0x08004f74   0x000000c8   Code   RO         4344    i.TIM_Base_SetConfig  stm32f4xx_hal_tim.o
    0x0800503c   0x00000014   Code   RO         4355    i.TIM_ETR_SetConfig  stm32f4xx_hal_tim.o
    0x08005050   0x00000010   Code   RO         4356    i.TIM_ITRx_SetConfig  stm32f4xx_hal_tim.o
    0x08005060   0x00000060   Code   RO         4357    i.TIM_OC1_SetConfig  stm32f4xx_hal_tim.o
    0x080050c0   0x0000006c   Code   RO         4358    i.TIM_OC2_SetConfig  stm32f4xx_hal_tim.o
    0x0800512c   0x00000068   Code   RO         4359    i.TIM_OC3_SetConfig  stm32f4xx_hal_tim.o
    0x08005194   0x00000050   Code   RO         4360    i.TIM_OC4_SetConfig  stm32f4xx_hal_tim.o
    0x080051e4   0x00000022   Code   RO         4362    i.TIM_TI1_ConfigInputStage  stm32f4xx_hal_tim.o
    0x08005206   0x00000024   Code   RO         4364    i.TIM_TI2_ConfigInputStage  stm32f4xx_hal_tim.o
    0x0800522a   0x00000002   PAD
    0x0800522c   0x000002ac   Code   RO         5233    i.UART_SetConfig    stm32f4xx_hal_uart.o
    0x080054d8   0x00000118   Code   RO         1875    i.USART1_IRQHandler  stm32f4xx_it.o
    0x080055f0   0x00000118   Code   RO         1876    i.USART3_IRQHandler  stm32f4xx_it.o
    0x08005708   0x00000054   Code   RO         1877    i.USART6_IRQHandler  stm32f4xx_it.o
    0x0800575c   0x00000002   Code   RO         1878    i.UsageFault_Handler  stm32f4xx_it.o
    0x0800575e   0x00000020   Code   RO         3120    i.__NVIC_SetPriority  stm32f4xx_hal_cortex.o
    0x0800577e   0x0000000e   Code   RO         7249    i.__scatterload_copy  mc_w.l(handlers.o)
    0x0800578c   0x00000002   Code   RO         7250    i.__scatterload_null  mc_w.l(handlers.o)
    0x0800578e   0x0000000e   Code   RO         7251    i.__scatterload_zeroinit  mc_w.l(handlers.o)
    0x0800579c   0x00000028   Code   RO          646    i.delay_init        bsp_delay.o
    0x080057c4   0x0000002c   Code   RO         1227    i.get_crc16_check_sum  protocol.o
    0x080057f0   0x00000020   Code   RO         1228    i.get_crc8_check_sum  protocol.o
    0x08005810   0x00000040   Code   RO          989    i.get_moto_measure_3508  motor_use_can.o
    0x08005850   0x0000003c   Code   RO          990    i.get_moto_measure_6020  motor_use_can.o
    0x0800588c   0x0000003e   Code   RO          991    i.get_moto_measure_6623  motor_use_can.o
    0x080058ca   0x0000000a   Code   RO          992    i.get_moto_offset   motor_use_can.o
    0x080058d4   0x000001f8   Code   RO           15    i.gimbal_pid_init   gimbal_control.o
    0x08005acc   0x000000f8   Code   RO          768    i.imu_cmd_spi_dma   ins_task.o
    0x08005bc4   0x0000001c   Code   RO          867    i.ist8310_IIC_read_muli_reg  ist8310driver_middleware.o
    0x08005be0   0x00000054   Code   RO          835    i.ist8310_read_mag  ist8310driver.o
    0x08005c34   0x0000001e   Code   RO         1391    i.main              main.o
    0x08005c52   0x0000000c   Code   RO         6311    i.makeFreeRtosPriority  cmsis_os.o
    0x08005c5e   0x0000000e   Code   RO         6313    i.osDelay           cmsis_os.o
    0x08005c6c   0x0000000e   Code   RO         6314    i.osDelayUntil      cmsis_os.o
    0x08005c7a   0x0000000a   Code   RO         6316    i.osKernelStart     cmsis_os.o
    0x08005c84   0x00000054   Code   RO         6350    i.osThreadCreate    cmsis_os.o
    0x08005cd8   0x0000000e   Code   RO          281    i.pid_param_init    pid.o
    0x08005ce6   0x00000006   Code   RO          282    i.pid_reset         pid.o
    0x08005cec   0x00000070   Code   RO         6002    i.prvAddCurrentTaskToDelayedList  tasks.o
    0x08005d5c   0x000000d0   Code   RO         6003    i.prvAddNewTaskToReadyList  tasks.o
    0x08005e2c   0x00000034   Code   RO         6004    i.prvDeleteTCB      tasks.o
    0x08005e60   0x0000004c   Code   RO         6678    i.prvHeapInit       heap_4.o
    0x08005eac   0x00000060   Code   RO         6005    i.prvIdleTask       tasks.o
    0x08005f0c   0x0000008e   Code   RO         6006    i.prvInitialiseNewTask  tasks.o
    0x08005f9a   0x00000002   PAD
    0x08005f9c   0x0000004c   Code   RO         6679    i.prvInsertBlockIntoFreeList  heap_4.o
    0x08005fe8   0x00000020   Code   RO         6007    i.prvResetNextTaskUnblockTime  tasks.o
    0x08006008   0x00000028   Code   RO         6741    i.prvTaskExitError  port.o
    0x08006030   0x000000d8   Code   RO         6680    i.pvPortMalloc      heap_4.o
    0x08006108   0x0000002c   Code   RO         6742    i.pxPortInitialiseStack  port.o
    0x08006134   0x00000068   Code   RO         6010    i.ulTaskNotifyTake  tasks.o
    0x0800619c   0x00000026   Code   RO         5647    i.uxListRemove      list.o
    0x080061c2   0x00000002   PAD
    0x080061c4   0x00000014   Code   RO         1543    i.vApplicationGetIdleTaskMemory  freertos.o
    0x080061d8   0x00000016   Code   RO         5648    i.vListInitialise   list.o
    0x080061ee   0x00000006   Code   RO         5649    i.vListInitialiseItem  list.o
    0x080061f4   0x00000030   Code   RO         5650    i.vListInsert       list.o
    0x08006224   0x00000018   Code   RO         5651    i.vListInsertEnd    list.o
    0x0800623c   0x00000040   Code   RO         6744    i.vPortEnterCritical  port.o
    0x0800627c   0x00000028   Code   RO         6745    i.vPortExitCritical  port.o
    0x080062a4   0x0000005c   Code   RO         6681    i.vPortFree         heap_4.o
    0x08006300   0x00000024   Code   RO         6746    i.vPortSetupTimerInterrupt  port.o
    0x08006324   0x00000054   Code   RO         6747    i.vPortValidateInterruptPriority  port.o
    0x08006378   0x0000004c   Code   RO         6015    i.vTaskDelay        tasks.o
    0x080063c4   0x0000008c   Code   RO         6016    i.vTaskDelayUntil   tasks.o
    0x08006450   0x000000b8   Code   RO         6021    i.vTaskNotifyGiveFromISR  tasks.o
    0x08006508   0x0000006c   Code   RO         6029    i.vTaskStartScheduler  tasks.o
    0x08006574   0x00000010   Code   RO         6031    i.vTaskSuspendAll   tasks.o
    0x08006584   0x0000005c   Code   RO         6032    i.vTaskSwitchContext  tasks.o
    0x080065e0   0x0000003c   Code   RO         1231    i.verify_crc16_check_sum  protocol.o
    0x0800661c   0x0000002a   Code   RO         1232    i.verify_crc8_check_sum  protocol.o
    0x08006646   0x00000002   PAD
    0x08006648   0x000000f4   Code   RO         6748    i.xPortStartScheduler  port.o
    0x0800673c   0x0000005a   Code   RO         6034    i.xTaskCreate       tasks.o
    0x08006796   0x00000056   Code   RO         6035    i.xTaskCreateStatic  tasks.o
    0x080067ec   0x0000000c   Code   RO         6040    i.xTaskGetTickCount  tasks.o
    0x080067f8   0x000000c8   Code   RO         6042    i.xTaskIncrementTick  tasks.o
    0x080068c0   0x000000c4   Code   RO         6048    i.xTaskResumeAll    tasks.o
    0x08006984   0x00000316   Data   RO         1235    .constdata          protocol.o
    0x08006c9a   0x00000002   PAD
    0x08006c9c   0x00000054   Data   RO         1545    .constdata          freertos.o
    0x08006cf0   0x00000008   Data   RO         2837    .constdata          stm32f4xx_hal_dma.o
    0x08006cf8   0x00000010   Data   RO         5510    .constdata          system_stm32f4xx.o
    0x08006d08   0x00000008   Data   RO         5511    .constdata          system_stm32f4xx.o
    0x08006d10   0x00000028   Data   RO         1546    .conststring        freertos.o
    0x08006d38   0x00000020   Data   RO         7247    Region$$Table       anon$$obj.o


    Execution Region RW_IRAM1 (Base: 0x20000000, Size: 0x000053d0, Max: 0x00020000, ABSOLUTE)

    Base Addr    Size         Type   Attr      Idx    E Section Name        Object

    0x20000000   0x00000010   Data   RW           22    .data               gimbal_control.o
    0x20000010   0x00000008   Data   RW          649    .data               bsp_delay.o
    0x20000018   0x00000002   Data   RW          730    .data               communication.o
    0x2000001a   0x00000025   Data   RW          770    .data               ins_task.o
    0x2000003f   0x00000001   Data   RW          771    .data               ins_task.o
    0x20000040   0x00000014   Data   RW         1236    .data               protocol.o
    0x20000054   0x00000004   Data   RW         1465    .data               can.o
    0x20000058   0x0000000c   Data   RW         1547    .data               freertos.o
    0x20000064   0x00000020   Data   RW         1880    .data               stm32f4xx_it.o
    0x20000084   0x0000000c   Data   RW         3264    .data               stm32f4xx_hal.o
    0x20000090   0x00000004   Data   RW         5512    .data               system_stm32f4xx.o
    0x20000094   0x0000003c   Data   RW         6051    .data               tasks.o
    0x200000d0   0x00000018   Data   RW         6686    .data               heap_4.o
    0x200000e8   0x0000000c   Data   RW         6749    .data               port.o
    0x200000f4   0x00000730   Zero   RW           16    .bss                gimbal_control.o
    0x20000824   0x00000026   Zero   RW          722    .bss                communication.o
    0x2000084a   0x00000012   Zero   RW          723    .bss                communication.o
    0x2000085c   0x00000012   Zero   RW          724    .bss                communication.o
    0x2000086e   0x00000002   PAD
    0x20000870   0x00000118   Zero   RW          769    .bss                ins_task.o
    0x20000988   0x0000003c   Zero   RW          994    .bss                motor_use_can.o
    0x200009c4   0x00000078   Zero   RW          995    .bss                motor_use_can.o
    0x20000a3c   0x0000003c   Zero   RW          996    .bss                motor_use_can.o
    0x20000a78   0x0000003c   Zero   RW          997    .bss                motor_use_can.o
    0x20000ab4   0x00000040   Zero   RW         1233    .bss                protocol.o
    0x20000af4   0x00000044   Zero   RW         1320    .bss                systemstate.o
    0x20000b38   0x00000050   Zero   RW         1464    .bss                can.o
    0x20000b88   0x00000254   Zero   RW         1544    .bss                freertos.o
    0x20000ddc   0x00000054   Zero   RW         1616    .bss                i2c.o
    0x20000e30   0x00000118   Zero   RW         1658    .bss                spi.o
    0x20000f48   0x00000140   Zero   RW         1705    .bss                tim.o
    0x20001088   0x000001e0   Zero   RW         1779    .bss                usart.o
    0x20001268   0x00000038   Zero   RW         1879    .bss                stm32f4xx_it.o
    0x200012a0   0x00000040   Zero   RW         2069    .bss                stm32f4xx_hal_timebase_tim.o
    0x200012e0   0x000000f0   Zero   RW         6050    .bss                tasks.o
    0x200013d0   0x00003c00   Zero   RW         6685    .bss                heap_4.o
    0x20004fd0   0x00000400   Zero   RW            1    STACK               startup_stm32f407xx.o


==============================================================================

Image component sizes


      Code (inc. data)   RO Data    RW Data    ZI Data      Debug   Object Name

         0          0          0          0          0     588272   bmi088driver.o
       176         26          0          0          0        559   bsp.o
        40         14          0          8          0        621   bsp_delay.o
      4724         50          0          0          0       1350   bsp_spi.o
       448         46          0          4         80       2931   can.o
       134          0          0          0          0      22820   cmsis_os.o
       104          4          0          2         74       2624   communication.o
       108          4          0          0          0        798   dma.o
         0          0          0          0          0      18096   event_groups.o
       340         46        124         12        596       8439   freertos.o
       640         86          0         16       1840     746398   gimbal_control.o
       480         36          0          0          0       1183   gpio.o
       460         24          0         24      15360       7019   heap_4.o
       200         32          0          0         84       1617   i2c.o
       248         20          0         38        280       8113   ins_task.o
        84          4          0          0          0        987   ist8310driver.o
        28          6          0          0          0        996   ist8310driver_middleware.o
       138          0          0          0          0       3302   list.o
       168         10          0          0          0       2024   main.o
       200          0          0          0        300       6580   motor_use_can.o
        44          8          0          0          0       3771   pid.o
       786         82          0         12          0      11777   port.o
       546         36        790         20         64      10325   protocol.o
       328         34          0          0        280       1795   spi.o
        36          8        392          0       1024        828   startup_stm32f407xx.o
        80         14          0         12          0       3206   stm32f4xx_hal.o
      1438          6          0          0          0      12292   stm32f4xx_hal_can.o
       158         14          0          0          0      32782   stm32f4xx_hal_cortex.o
       862         16          8          0          0       5040   stm32f4xx_hal_dma.o
       466         50          0          0          0       2767   stm32f4xx_hal_gpio.o
      1584         30          0          0          0       8266   stm32f4xx_hal_i2c.o
        56          4          0          0          0        822   stm32f4xx_hal_msp.o
      1328         90          0          0          0       5497   stm32f4xx_hal_rcc.o
       128          0          0          0          0       1171   stm32f4xx_hal_spi.o
      1626         80          0          0          0      14118   stm32f4xx_hal_tim.o
       154          0          0          0          0       3105   stm32f4xx_hal_tim_ex.o
       116         14          0          0         64       1351   stm32f4xx_hal_timebase_tim.o
       782          8          0          0          0       1928   stm32f4xx_hal_uart.o
      2052        238          0         32         56      19289   stm32f4xx_it.o
         0          0          0          0          0        392   stream_buffer.o
        84         18         24          4          0       1135   system_stm32f4xx.o
       140         28          0          0         68       3746   systemstate.o
      1946        142          0         60        240      18808   tasks.o
       968         92          0          0        320       5036   tim.o
       846         86          0          0        480       4658   usart.o

    ----------------------------------------------------------------------
     25298       1506       1372        244      21212    1598634   Object Totals
         0          0         32          0          0          0   (incl. Generated)
        24          0          2          0          2          0   (incl. Padding)

    ----------------------------------------------------------------------

      Code (inc. data)   RO Data    RW Data    ZI Data      Debug   Library Member Name

         0          0          0          0          0          0   entry.o
         0          0          0          0          0          0   entry10a.o
         0          0          0          0          0          0   entry11a.o
         8          4          0          0          0          0   entry2.o
         4          0          0          0          0          0   entry5.o
         0          0          0          0          0          0   entry7b.o
         0          0          0          0          0          0   entry8b.o
         8          4          0          0          0          0   entry9a.o
        30          0          0          0          0          0   handlers.o
        36          8          0          0          0         68   init.o
         0          0          0          0          0          0   iusefp.o
        30          0          0          0          0         68   llshl.o
        36          0          0          0          0         68   llsshr.o
        32          0          0          0          0         68   llushr.o
        36          0          0          0          0         68   memcpya.o
        36          0          0          0          0        108   memseta.o
        98          0          0          0          0         92   uldiv.o
        56          0          0          0          0         88   d2f.o
       334          0          0          0          0        148   dadd.o
       222          0          0          0          0        100   ddiv.o
       186          0          0          0          0        176   depilogue.o
        34          0          0          0          0         76   dflti.o
        26          0          0          0          0         76   dfltui.o
       110          0          0          0          0        168   fepilogue.o

    ----------------------------------------------------------------------
      1322         16          0          0          0       1372   Library Totals
         0          0          0          0          0          0   (incl. Padding)

    ----------------------------------------------------------------------

      Code (inc. data)   RO Data    RW Data    ZI Data      Debug   Library Name

       354         16          0          0          0        540   mc_w.l
       968          0          0          0          0        832   mf_w.l

    ----------------------------------------------------------------------
      1322         16          0          0          0       1372   Library Totals

    ----------------------------------------------------------------------

==============================================================================


      Code (inc. data)   RO Data    RW Data    ZI Data      Debug   

     26620       1522       1372        244      21212    1579986   Grand Totals
     26620       1522       1372        244      21212    1579986   ELF Image Totals
     26620       1522       1372        244          0          0   ROM Totals

==============================================================================

    Total RO  Size (Code + RO Data)                27992 (  27.34kB)
    Total RW  Size (RW Data + ZI Data)             21456 (  20.95kB)
    Total ROM Size (Code + RO Data + RW Data)      28236 (  27.57kB)

==============================================================================

